Le plus important au poker ce ne sont pas les cartes, c'est ce que vous en faites.
Winamax, la référence du poker en ligne.
Bonsoir à toutes et tous, vous êtes sur BFM TV, nous sommes en direct, c'est bien sûr BFM story avec tout ce qui fait l'actualité.
Durant 60 minutes ce sont des gros plans, des analyses, des réactions que nous vous proposons.
Comment Eric Verth peut-il encore soutenir la réforme des retraites alors qu'il est englué dans sa propre affaire, l'affaire Verth-Bettancourt?
Question posée par les leaders de la CFDT et la CGT.
Réponse de Nicolas Sarkozy, Eric Verth portera le débat sur les retraites, on en parle dans BFM story avec le numéro de la CFDT.
Et puis il y a une bataille qui a démarré, celle entre Marine Le Pen et Bruno Gognich, la bataille de la succession de Jean-Marie Le Pen à la tête du Front National.
La tournée de campagne de Marine Le Pen commence aujourd'hui dans le Var, Marine Le Pen sera en direct dans BFM story.
Restez avec nous Marine Le Pen dans moins de 3 minutes, à tout de suite.
Musique
L'actualité c'est aussi aujourd'hui un dernier adieu, dernier adieu à Laurent Fignon, c'était au cimetière du Père Lachaise à Paris.
L'ancien double vainqueur du Tour de France, vaincu par le cancer à 50 ans, a été incinéré en petit comité aujourd'hui.
