{
  "text": " Bonjour !",
  "segments": [
    {
      "id": 0,
      "seek": 0,
      "start": 0.14,
      "end": 0.96,
      "text": " Bonjour !",
      "tokens": [
        50364,
        25431,
        2298,
        50414
      ],
      "temperature": 0.0,
      "avg_logprob": -0.6977285861968994,
      "compression_ratio": 0.5294117647058824,
      "no_speech_prob": 0.019094161689281464,
      "confidence": 0.829,
      "words": [
        {
          "text": "Bonjour !",
          "start": 0.14,
          "end": 0.96,
          "confidence": 0.829
        }
      ]
    }
  ],
  "language": "fr",
  "language_probs": {
    "en": 0.007364001125097275,
    "zh": 0.041395243257284164,
    "de": 0.0015925770858302712,
    "es": 0.0021767946891486645,
    "ru": 0.10325776785612106,
    "ko": 0.006601048167794943,
    "fr": 0.4052142798900604,
    "ja": 0.0019210146274417639,
    "pt": 0.33332017064094543,
    "tr": 0.007421758491545916,
    "pl": 0.05315254256129265,
    "ca": 6.396045500878245e-05,
    "nl": 0.0077174073085188866,
    "ar": 0.001450057839974761,
    "sv": 0.0062011112459003925,
    "it": 0.0026052820030599833,
    "id": 0.0002559504355303943,
    "hi": 0.00036094794631935656,
    "fi": 5.62248460482806e-05,
    "vi": 0.0011927851010113955,
    "he": 0.0003260892990510911,
    "uk": 0.0017354920273646712,
    "el": 0.00019095065363217145,
    "ms": 0.0005904714344069362,
    "cs": 0.0007178307278081775,
    "ro": 0.0009003614541143179,
    "da": 0.0001010177584248595,
    "hu": 8.880029781721532e-05,
    "ta": 7.943290256662294e-06,
    "no": 0.000378270196961239,
    "th": 5.119330307934433e-05,
    "ur": 0.00023213693930301815,
    "hr": 0.0004253006190992892,
    "bg": 0.0004319981671869755,
    "lt": 0.0001386153162457049,
    "la": 0.0008864026167429984,
    "mi": 5.62248460482806e-05,
    "ml": 3.6652261314884527e-06,
    "cy": 0.0005050569889135659,
    "sk": 0.0006384518346749246,
    "te": 1.9506836906657554e-05,
    "fa": 0.00011627071216935292,
    "lv": 2.100969140883535e-05,
    "bn": 3.5322318581165746e-05,
    "sr": 0.00010141311940969899,
    "az": 3.2924017432378605e-05,
    "sl": 0.0004972267779521644,
    "kn": 1.1376539532648167e-06,
    "et": 3.886401827912778e-06,
    "mk": 4.178275776212104e-05,
    "br": 0.001669006422162056,
    "eu": 5.513735595741309e-05,
    "is": 9.506873539066873e-06,
    "hy": 4.2434403439983726e-06,
    "ne": 3.3047945180442184e-06,
    "mn": 3.559935430530459e-05,
    "bs": 0.0002661463222466409,
    "kk": 1.3045214473095257e-05,
    "sq": 0.00017049974121619016,
    "sw": 3.068856312893331e-05,
    "gl": 0.00019395769049879164,
    "mr": 2.1512002490453597e-07,
    "pa": 2.8322670004854444e-06,
    "si": 2.838228283508215e-05,
    "km": 0.00015223913942463696,
    "sn": 0.00028110656421631575,
    "yo": 0.0003637789050117135,
    "so": 8.307013672492758e-07,
    "af": 2.2277508833212778e-05,
    "oc": 0.0004253006190992892,
    "ka": 1.5580286572003388e-06,
    "be": 0.00017318472964689136,
    "tg": 2.0718216831028258e-07,
    "sd": 3.5322318581165746e-05,
    "gu": 8.50400795116002e-07,
    "am": 2.665870624696254e-06,
    "yi": 2.8604887120309286e-05,
    "lo": 1.2943694855493959e-05,
    "uz": 1.491831658206877e-09,
    "fo": 5.892313129152171e-05,
    "ht": 0.00017938153177965432,
    "ps": 9.036155461217277e-06,
    "tk": 1.281216821524822e-08,
    "nn": 0.0024094919208437204,
    "mt": 8.099957085505594e-06,
    "sa": 5.600564327323809e-05,
    "lb": 6.14076256510998e-08,
    "my": 3.849208223982714e-05,
    "bo": 9.126193617703393e-05,
    "tl": 6.483123797806911e-06,
    "mg": 1.4993576158417454e-08,
    "as": 2.3480320123780984e-06,
    "tt": 1.376765368377164e-07,
    "haw": 0.0002519823028706014,
    "ln": 2.1592100893030874e-05,
    "ha": 7.02048819078982e-09,
    "ba": 1.902783886009729e-08,
    "jw": 0.0002855333441402763,
    "su": 9.264376821249698e-09
  }
}