Боже улыл!
Таков уже на меня!
Боже улыл!
Эскому за меня!
