{
  "text": "",
  "segments": [],
  "language": "en",
  "language_probs": {
    "en": 0.481865257024765,
    "zh": 0.018109099939465523,
    "de": 0.013043494895100594,
    "es": 0.011969382874667645,
    "ru": 0.01839427463710308,
    "ko": 0.05078822001814842,
    "fr": 0.019888954237103462,
    "ja": 0.06370270252227783,
    "pt": 0.009542823769152164,
    "tr": 0.002145992126315832,
    "pl": 0.01648852229118347,
    "ca": 0.00040956982411444187,
    "nl": 0.008226429112255573,
    "ar": 0.001984718255698681,
    "sv": 0.0016844086349010468,
    "it": 0.0077886260114610195,
    "id": 0.0019387423526495695,
    "hi": 0.0013964237878099084,
    "fi": 0.0012615637388080359,
    "vi": 0.0008145267493091524,
    "he": 0.000482591160107404,
    "uk": 0.000624519307166338,
    "el": 0.0008145267493091524,
    "ms": 0.002820853376761079,
    "cs": 0.0010377340950071812,
    "ro": 0.0007533141179010272,
    "da": 0.00025036497390829027,
    "hu": 0.0009672744781710207,
    "ta": 0.00022094632731750607,
    "no": 0.00029270630329847336,
    "th": 0.0009748608572408557,
    "ur": 0.0001483363303123042,
    "hr": 0.00012887685443274677,
    "bg": 0.0003877728886436671,
    "lt": 2.365429827477783e-05,
    "la": 0.015856856480240822,
    "mi": 0.0006443436723202467,
    "ml": 0.0004979101940989494,
    "cy": 0.00882566999644041,
    "sk": 0.00016940542263910174,
    "te": 0.00014603660383727401,
    "fa": 0.0002665121282916516,
    "lv": 3.233158713555895e-05,
    "bn": 0.0007711784564889967,
    "sr": 4.023731162305921e-05,
    "az": 2.9209157219156623e-05,
    "sl": 0.00010274958185618743,
    "kn": 1.463002718082862e-05,
    "et": 2.9901832022005692e-05,
    "mk": 1.9996876289951615e-05,
    "br": 0.0027127882931381464,
    "eu": 0.00014718198508489877,
    "is": 4.087095658178441e-05,
    "hy": 4.023731162305921e-05,
    "ne": 3.414896491449326e-05,
    "mn": 0.00015667440311517566,
    "bs": 8.720243931747973e-05,
    "kk": 1.0293509149050806e-05,
    "sq": 3.037271926586982e-05,
    "sw": 6.92527974024415e-05,
    "gl": 0.000482591160107404,
    "mr": 4.471296415431425e-05,
    "pa": 1.7716249203658663e-05,
    "si": 0.0001483363303123042,
    "km": 0.0005912830238230526,
    "sn": 0.00034489232348278165,
    "yo": 0.00016677902021910995,
    "so": 2.9491400255210465e-06,
    "af": 6.111538095865399e-05,
    "oc": 0.00018898540292866528,
    "ka": 2.6182920919382013e-05,
    "be": 6.0167876654304564e-05,
    "tg": 1.8398510803763202e-07,
    "sd": 3.1092986318981275e-05,
    "gu": 1.0333797035855241e-05,
    "am": 5.155722647032235e-06,
    "yi": 8.25616079964675e-05,
    "lo": 1.0914664926531259e-05,
    "uz": 2.2382069531090565e-09,
    "fo": 0.00017207316705025733,
    "ht": 7.089507562341169e-05,
    "ps": 1.2128717571613379e-05,
    "tk": 1.972132324112863e-08,
    "nn": 0.21719369292259216,
    "mt": 1.3320791367732454e-05,
    "sa": 0.0002484166470821947,
    "lb": 1.790224075648439e-07,
    "my": 0.00010274958185618743,
    "bo": 4.4887969124829397e-05,
    "tl": 0.0003642789088189602,
    "mg": 2.4045375468517705e-08,
    "as": 1.7441585441702046e-05,
    "tt": 9.323910887815146e-08,
    "haw": 0.0036504557356238365,
    "ln": 6.170591859699925e-06,
    "ha": 2.120961006824018e-08,
    "ba": 1.7063216617430044e-08,
    "jw": 0.003679086221382022,
    "su": 3.741536147572333e-08
  }
}