{
  "text": " Wie wieder zu dazu ist Meshfuchs von 1962 als Meshale für die außerordentliche Form des grullischen Rätus ist dann nicht so weitergegangen wie sich Papstbälle dick das gewünscht hatte. Das hat er als Meshale im Rätus",
  "segments": [
    {
      "id": 0,
      "seek": 0,
      "start": 0.92,
      "end": 8.04,
      "text": " Wie wieder zu dazu ist Meshfuchs von 1962 als Meshale für die außerordentliche Form des grullischen",
      "tokens": [
        50364,
        9233,
        6216,
        2164,
        13034,
        1418,
        376,
        14935,
        69,
        37503,
        2957,
        39498,
        3907,
        376,
        14935,
        1220,
        2959,
        978,
        39428,
        765,
        7698,
        68,
        10126,
        730,
        677,
        858,
        6282,
        50764
      ],
      "temperature": 0.0,
      "avg_logprob": -0.6858572118422565,
      "compression_ratio": 1.3293413173652695,
      "no_speech_prob": 0.04553895816206932,
      "confidence": 0.503,
      "words": [
        {
          "text": "Wie",
          "start": 0.92,
          "end": 1.1,
          "confidence": 0.459
        },
        {
          "text": "wieder",
          "start": 1.1,
          "end": 1.4,
          "confidence": 0.891
        },
        {
          "text": "zu",
          "start": 1.4,
          "end": 1.6,
          "confidence": 0.283
        },
        {
          "text": "dazu",
          "start": 1.6,
          "end": 1.92,
          "confidence": 0.173
        },
        {
          "text": "ist",
          "start": 1.92,
          "end": 2.14,
          "confidence": 0.649
        },
        {
          "text": "Meshfuchs",
          "start": 2.14,
          "end": 2.74,
          "confidence": 0.333
        },
        {
          "text": "von",
          "start": 2.74,
          "end": 3.22,
          "confidence": 0.626
        },
        {
          "text": "1962",
          "start": 3.22,
          "end": 4.84,
          "confidence": 0.182
        },
        {
          "text": "als",
          "start": 4.84,
          "end": 5.24,
          "confidence": 0.883
        },
        {
          "text": "Meshale",
          "start": 5.24,
          "end": 5.78,
          "confidence": 0.389
        },
        {
          "text": "für",
          "start": 5.78,
          "end": 5.92,
          "confidence": 0.935
        },
        {
          "text": "die",
          "start": 5.92,
          "end": 6.08,
          "confidence": 0.973
        },
        {
          "text": "außerordentliche",
          "start": 6.08,
          "end": 7.04,
          "confidence": 0.898
        },
        {
          "text": "Form",
          "start": 7.04,
          "end": 7.4,
          "confidence": 0.64
        },
        {
          "text": "des",
          "start": 7.4,
          "end": 7.62,
          "confidence": 0.974
        },
        {
          "text": "grullischen",
          "start": 7.62,
          "end": 8.04,
          "confidence": 0.371
        }
      ]
    },
    {
      "id": 1,
      "seek": 0,
      "start": 9.42,
      "end": 12.78,
      "text": " Rätus ist dann nicht so weitergegangen wie sich Papstbälle dick das gewünscht hatte.",
      "tokens": [
        50764,
        497,
        3628,
        301,
        1418,
        3594,
        1979,
        370,
        8988,
        432,
        47152,
        3355,
        3041,
        15919,
        372,
        65,
        31447,
        18659,
        1482,
        6906,
        3412,
        82,
        4701,
        13299,
        13,
        51014
      ],
      "temperature": 0.0,
      "avg_logprob": -0.6858572118422565,
      "compression_ratio": 1.3293413173652695,
      "no_speech_prob": 0.04553895816206932,
      "confidence": 0.63,
      "words": [
        {
          "text": "Rätus",
          "start": 9.42,
          "end": 9.44,
          "confidence": 0.381
        },
        {
          "text": "ist",
          "start": 9.44,
          "end": 9.62,
          "confidence": 0.897
        },
        {
          "text": "dann",
          "start": 9.62,
          "end": 9.78,
          "confidence": 0.586
        },
        {
          "text": "nicht",
          "start": 9.78,
          "end": 9.96,
          "confidence": 0.979
        },
        {
          "text": "so",
          "start": 9.96,
          "end": 10.12,
          "confidence": 0.991
        },
        {
          "text": "weitergegangen",
          "start": 10.12,
          "end": 10.88,
          "confidence": 0.703
        },
        {
          "text": "wie",
          "start": 10.88,
          "end": 11.04,
          "confidence": 0.77
        },
        {
          "text": "sich",
          "start": 11.04,
          "end": 11.24,
          "confidence": 0.968
        },
        {
          "text": "Papstbälle",
          "start": 11.24,
          "end": 11.72,
          "confidence": 0.453
        },
        {
          "text": "dick",
          "start": 11.72,
          "end": 11.9,
          "confidence": 0.249
        },
        {
          "text": "das",
          "start": 11.9,
          "end": 12.08,
          "confidence": 0.833
        },
        {
          "text": "gewünscht",
          "start": 12.08,
          "end": 12.58,
          "confidence": 0.801
        },
        {
          "text": "hatte.",
          "start": 12.58,
          "end": 12.78,
          "confidence": 0.906
        }
      ]
    },
    {
      "id": 2,
      "seek": 0,
      "start": 14.0,
      "end": 15.28,
      "text": " Das hat er als Meshale im Rätus",
      "tokens": [
        51014,
        2846,
        2385,
        1189,
        3907,
        376,
        14935,
        1220,
        566,
        497,
        3628,
        301,
        51164
      ],
      "temperature": 0.0,
      "avg_logprob": -0.6858572118422565,
      "compression_ratio": 1.3293413173652695,
      "no_speech_prob": 0.04553895816206932,
      "confidence": 0.409,
      "words": [
        {
          "text": "Das",
          "start": 14.0,
          "end": 14.2,
          "confidence": 0.938
        },
        {
          "text": "hat",
          "start": 14.2,
          "end": 14.4,
          "confidence": 0.955
        },
        {
          "text": "er",
          "start": 14.4,
          "end": 14.56,
          "confidence": 0.736
        },
        {
          "text": "als",
          "start": 14.56,
          "end": 14.7,
          "confidence": 0.83
        },
        {
          "text": "Meshale",
          "start": 14.7,
          "end": 15.1,
          "confidence": 0.188
        },
        {
          "text": "im",
          "start": 15.1,
          "end": 15.12,
          "confidence": 0.05
        },
        {
          "text": "Rätus",
          "start": 15.12,
          "end": 15.28,
          "confidence": 0.665
        }
      ]
    }
  ],
  "language": "de",
  "language_probs": {
    "en": 0.003979361150413752,
    "zh": 0.0001519044308224693,
    "de": 0.9890514016151428,
    "es": 0.00012993074778933078,
    "ru": 0.00024085355107672513,
    "ko": 5.632081229123287e-05,
    "fr": 0.00034500681795179844,
    "ja": 4.632823765859939e-05,
    "pt": 0.0002543920709285885,
    "tr": 0.0002227531367680058,
    "pl": 0.00029741442995145917,
    "ca": 6.455285301854019e-07,
    "nl": 0.00042602652683854103,
    "ar": 0.00012993074778933078,
    "sv": 0.0003266458516009152,
    "it": 0.0001239807897945866,
    "id": 5.086642431706423e-07,
    "hi": 3.259598452132195e-05,
    "fi": 2.2755664758733474e-05,
    "vi": 3.600468971853843e-06,
    "he": 5.632081229123287e-05,
    "uk": 7.864147846703418e-06,
    "el": 5.798658548883395e-06,
    "ms": 3.1037982353154803e-06,
    "cs": 5.664333002641797e-06,
    "ro": 9.48597244132543e-06,
    "da": 0.00040021486347541213,
    "hu": 3.0861257982905954e-05,
    "ta": 3.001986499384657e-07,
    "no": 6.042340464773588e-05,
    "th": 4.016613729618257e-06,
    "ur": 3.993743666796945e-05,
    "hr": 2.361245378779131e-06,
    "bg": 2.149938154616393e-06,
    "lt": 4.0872319573281857e-07,
    "la": 0.001671855105087161,
    "mi": 1.2469075045373756e-05,
    "ml": 6.898509923303209e-07,
    "cy": 0.00010941266373265535,
    "sk": 8.720533628547855e-07,
    "te": 4.853707764596038e-07,
    "fa": 1.208544199471362e-05,
    "lv": 1.674373606874724e-06,
    "bn": 2.893058081099298e-06,
    "sr": 1.9575409169192426e-06,
    "az": 5.077475179859903e-06,
    "sl": 1.5277430065907538e-05,
    "kn": 9.483140672728041e-08,
    "et": 2.3246375349117443e-06,
    "mk": 2.1370587433011679e-07,
    "br": 9.358560782857239e-05,
    "eu": 7.049376108625438e-06,
    "is": 6.319019576039864e-06,
    "hy": 1.0418302736070473e-05,
    "ne": 6.660197868768591e-07,
    "mn": 4.921257186651928e-06,
    "bs": 3.0796443297731457e-06,
    "kk": 5.166745040696696e-07,
    "sq": 1.8246288391310372e-06,
    "sw": 1.111024857891607e-06,
    "gl": 4.998756139684701e-06,
    "mr": 3.495994747026998e-07,
    "pa": 3.07317634451465e-07,
    "si": 1.1898074262717273e-05,
    "km": 4.5967710320837796e-05,
    "sn": 3.469824878266081e-05,
    "yo": 5.7087581808445975e-06,
    "so": 7.356683795478602e-08,
    "af": 1.3169968042348046e-05,
    "oc": 1.4019357877259608e-05,
    "ka": 1.5546031590929488e-06,
    "be": 1.0097765880345833e-05,
    "tg": 1.7748824632235483e-08,
    "sd": 2.634159272929537e-06,
    "gu": 8.111359761642234e-08,
    "am": 2.7226835186411336e-07,
    "yi": 0.0002860206877812743,
    "lo": 2.0471769346386282e-07,
    "uz": 3.1354466245581136e-10,
    "fo": 1.7861124433693476e-05,
    "ht": 8.113782314467244e-06,
    "ps": 4.5596365794153826e-07,
    "tk": 1.6308678851828518e-09,
    "nn": 0.0009751844918355346,
    "mt": 1.0477962177901645e-06,
    "sa": 6.368580670823576e-06,
    "lb": 8.4853121506967e-07,
    "my": 1.5185909205683856e-06,
    "bo": 1.5852650676606572e-06,
    "tl": 6.556940661539556e-07,
    "mg": 1.8946131330466187e-09,
    "as": 5.553116366741051e-08,
    "tt": 4.195181535493475e-09,
    "haw": 5.676254295394756e-05,
    "ln": 4.454012980659172e-07,
    "ha": 2.018775591139388e-09,
    "ba": 9.71490776713324e-10,
    "jw": 5.9023703215643764e-05,
    "su": 8.410887541998591e-10
  }
}