{
  "text": " Hello. You're my girlfriend. How are you? I'm okay. Why will be? I said she could stay with us, but she feels better. Oh, she can. There's more to be for long. What if you can stay as long as you want? My girlfriend. Really, mixture. I agree.",
  "segments": [
    {
      "id": 0,
      "seek": 0,
      "start": 1.34,
      "end": 1.78,
      "text": " Hello.",
      "tokens": [
        50364,
        2425,
        13,
        50464
      ],
      "temperature": 0.0,
      "avg_logprob": -0.5507037403819325,
      "compression_ratio": 1.4319526627218935,
      "no_speech_prob": 0.11146047711372375,
      "confidence": 0.407,
      "words": [
        {
          "text": "Hello.",
          "start": 1.34,
          "end": 1.78,
          "confidence": 0.407
        }
      ]
    },
    {
      "id": 1,
      "seek": 0,
      "start": 1.96,
      "end": 4.26,
      "text": " You're my girlfriend.",
      "tokens": [
        50464,
        509,
        434,
        452,
        10369,
        13,
        50614
      ],
      "temperature": 0.0,
      "avg_logprob": -0.5507037403819325,
      "compression_ratio": 1.4319526627218935,
      "no_speech_prob": 0.11146047711372375,
      "confidence": 0.175,
      "words": [
        {
          "text": "You're",
          "start": 1.96,
          "end": 3.12,
          "confidence": 0.192
        },
        {
          "text": "my",
          "start": 3.12,
          "end": 3.2,
          "confidence": 0.206
        },
        {
          "text": "girlfriend.",
          "start": 3.2,
          "end": 4.26,
          "confidence": 0.123
        }
      ]
    },
    {
      "id": 2,
      "seek": 0,
      "start": 5.52,
      "end": 6.54,
      "text": " How are you?",
      "tokens": [
        50614,
        1012,
        366,
        291,
        30,
        50714
      ],
      "temperature": 0.0,
      "avg_logprob": -0.5507037403819325,
      "compression_ratio": 1.4319526627218935,
      "no_speech_prob": 0.11146047711372375,
      "confidence": 0.627,
      "words": [
        {
          "text": "How",
          "start": 5.52,
          "end": 5.8,
          "confidence": 0.49
        },
        {
          "text": "are",
          "start": 5.8,
          "end": 6.16,
          "confidence": 0.524
        },
        {
          "text": "you?",
          "start": 6.16,
          "end": 6.54,
          "confidence": 0.959
        }
      ]
    },
    {
      "id": 3,
      "seek": 0,
      "start": 6.76,
      "end": 7.8,
      "text": " I'm okay.",
      "tokens": [
        50714,
        286,
        478,
        1392,
        13,
        50764
      ],
      "temperature": 0.0,
      "avg_logprob": -0.5507037403819325,
      "compression_ratio": 1.4319526627218935,
      "no_speech_prob": 0.11146047711372375,
      "confidence": 0.836,
      "words": [
        {
          "text": "I'm",
          "start": 6.76,
          "end": 7.1,
          "confidence": 0.838
        },
        {
          "text": "okay.",
          "start": 7.1,
          "end": 7.8,
          "confidence": 0.83
        }
      ]
    },
    {
      "id": 4,
      "seek": 0,
      "start": 8.38,
      "end": 9.14,
      "text": " Why will be?",
      "tokens": [
        50764,
        1545,
        486,
        312,
        30,
        50814
      ],
      "temperature": 0.0,
      "avg_logprob": -0.5507037403819325,
      "compression_ratio": 1.4319526627218935,
      "no_speech_prob": 0.11146047711372375,
      "confidence": 0.382,
      "words": [
        {
          "text": "Why",
          "start": 8.38,
          "end": 8.66,
          "confidence": 0.343
        },
        {
          "text": "will",
          "start": 8.66,
          "end": 8.96,
          "confidence": 0.523
        },
        {
          "text": "be?",
          "start": 8.96,
          "end": 9.14,
          "confidence": 0.311
        }
      ]
    },
    {
      "id": 5,
      "seek": 0,
      "start": 9.4,
      "end": 11.52,
      "text": " I said she could stay with us, but she feels better.",
      "tokens": [
        50814,
        286,
        848,
        750,
        727,
        1754,
        365,
        505,
        11,
        457,
        750,
        3417,
        1101,
        13,
        50964
      ],
      "temperature": 0.0,
      "avg_logprob": -0.5507037403819325,
      "compression_ratio": 1.4319526627218935,
      "no_speech_prob": 0.11146047711372375,
      "confidence": 0.692,
      "words": [
        {
          "text": "I",
          "start": 9.4,
          "end": 9.52,
          "confidence": 0.285
        },
        {
          "text": "said",
          "start": 9.52,
          "end": 9.66,
          "confidence": 0.621
        },
        {
          "text": "she",
          "start": 9.66,
          "end": 9.82,
          "confidence": 0.849
        },
        {
          "text": "could",
          "start": 9.82,
          "end": 9.98,
          "confidence": 0.912
        },
        {
          "text": "stay",
          "start": 9.98,
          "end": 10.14,
          "confidence": 0.992
        },
        {
          "text": "with",
          "start": 10.14,
          "end": 10.26,
          "confidence": 0.986
        },
        {
          "text": "us,",
          "start": 10.26,
          "end": 10.44,
          "confidence": 0.782
        },
        {
          "text": "but",
          "start": 10.64,
          "end": 10.72,
          "confidence": 0.227
        },
        {
          "text": "she",
          "start": 10.72,
          "end": 10.94,
          "confidence": 0.971
        },
        {
          "text": "feels",
          "start": 10.94,
          "end": 11.24,
          "confidence": 0.762
        },
        {
          "text": "better.",
          "start": 11.24,
          "end": 11.52,
          "confidence": 0.987
        }
      ]
    },
    {
      "id": 6,
      "seek": 0,
      "start": 12.18,
      "end": 13.44,
      "text": " Oh, she can.",
      "tokens": [
        50964,
        876,
        11,
        750,
        393,
        13,
        51064
      ],
      "temperature": 0.0,
      "avg_logprob": -0.5507037403819325,
      "compression_ratio": 1.4319526627218935,
      "no_speech_prob": 0.11146047711372375,
      "confidence": 0.287,
      "words": [
        {
          "text": "Oh,",
          "start": 12.18,
          "end": 12.6,
          "confidence": 0.181
        },
        {
          "text": "she",
          "start": 12.8,
          "end": 12.96,
          "confidence": 0.686
        },
        {
          "text": "can.",
          "start": 12.96,
          "end": 13.44,
          "confidence": 0.191
        }
      ]
    },
    {
      "id": 7,
      "seek": 0,
      "start": 13.5,
      "end": 15.2,
      "text": " There's more to be for long.",
      "tokens": [
        51064,
        821,
        311,
        544,
        281,
        312,
        337,
        938,
        13,
        51114
      ],
      "temperature": 0.0,
      "avg_logprob": -0.5507037403819325,
      "compression_ratio": 1.4319526627218935,
      "no_speech_prob": 0.11146047711372375,
      "confidence": 0.682,
      "words": [
        {
          "text": "There's",
          "start": 13.5,
          "end": 14.44,
          "confidence": 0.518
        },
        {
          "text": "more",
          "start": 14.44,
          "end": 14.56,
          "confidence": 0.814
        },
        {
          "text": "to",
          "start": 14.56,
          "end": 14.74,
          "confidence": 0.414
        },
        {
          "text": "be",
          "start": 14.74,
          "end": 14.8,
          "confidence": 0.949
        },
        {
          "text": "for",
          "start": 14.8,
          "end": 15.0,
          "confidence": 0.987
        },
        {
          "text": "long.",
          "start": 15.0,
          "end": 15.2,
          "confidence": 0.814
        }
      ]
    },
    {
      "id": 8,
      "seek": 0,
      "start": 15.38,
      "end": 16.86,
      "text": " What if you can stay as long as you want?",
      "tokens": [
        51114,
        708,
        498,
        291,
        393,
        1754,
        382,
        938,
        382,
        291,
        528,
        30,
        51214
      ],
      "temperature": 0.0,
      "avg_logprob": -0.5507037403819325,
      "compression_ratio": 1.4319526627218935,
      "no_speech_prob": 0.11146047711372375,
      "confidence": 0.771,
      "words": [
        {
          "text": "What",
          "start": 15.38,
          "end": 15.54,
          "confidence": 0.387
        },
        {
          "text": "if",
          "start": 15.54,
          "end": 15.62,
          "confidence": 0.918
        },
        {
          "text": "you",
          "start": 15.62,
          "end": 15.7,
          "confidence": 0.97
        },
        {
          "text": "can",
          "start": 15.7,
          "end": 15.98,
          "confidence": 0.946
        },
        {
          "text": "stay",
          "start": 15.98,
          "end": 16.12,
          "confidence": 0.958
        },
        {
          "text": "as",
          "start": 16.12,
          "end": 16.24,
          "confidence": 0.308
        },
        {
          "text": "long",
          "start": 16.24,
          "end": 16.36,
          "confidence": 0.993
        },
        {
          "text": "as",
          "start": 16.36,
          "end": 16.54,
          "confidence": 0.992
        },
        {
          "text": "you",
          "start": 16.54,
          "end": 16.62,
          "confidence": 0.959
        },
        {
          "text": "want?",
          "start": 16.62,
          "end": 16.86,
          "confidence": 0.82
        }
      ]
    },
    {
      "id": 9,
      "seek": 0,
      "start": 16.86,
      "end": 17.74,
      "text": " My girlfriend.",
      "tokens": [
        51214,
        1222,
        10369,
        13,
        51264
      ],
      "temperature": 0.0,
      "avg_logprob": -0.5507037403819325,
      "compression_ratio": 1.4319526627218935,
      "no_speech_prob": 0.11146047711372375,
      "confidence": 0.141,
      "words": [
        {
          "text": "My",
          "start": 16.86,
          "end": 17.34,
          "confidence": 0.125
        },
        {
          "text": "girlfriend.",
          "start": 17.34,
          "end": 17.74,
          "confidence": 0.159
        }
      ]
    },
    {
      "id": 10,
      "seek": 0,
      "start": 17.98,
      "end": 18.9,
      "text": " Really, mixture.",
      "tokens": [
        51264,
        4083,
        11,
        9925,
        13,
        51314
      ],
      "temperature": 0.0,
      "avg_logprob": -0.5507037403819325,
      "compression_ratio": 1.4319526627218935,
      "no_speech_prob": 0.11146047711372375,
      "confidence": 0.439,
      "words": [
        {
          "text": "Really,",
          "start": 17.98,
          "end": 18.34,
          "confidence": 0.704
        },
        {
          "text": "mixture.",
          "start": 18.7,
          "end": 18.9,
          "confidence": 0.273
        }
      ]
    },
    {
      "id": 11,
      "seek": 0,
      "start": 19.72,
      "end": 20.22,
      "text": " I agree.",
      "tokens": [
        51314,
        286,
        3986,
        13,
        51364
      ],
      "temperature": 0.0,
      "avg_logprob": -0.5507037403819325,
      "compression_ratio": 1.4319526627218935,
      "no_speech_prob": 0.11146047711372375,
      "confidence": 0.16,
      "words": [
        {
          "text": "I",
          "start": 19.72,
          "end": 20.06,
          "confidence": 0.098
        },
        {
          "text": "agree.",
          "start": 20.06,
          "end": 20.22,
          "confidence": 0.259
        }
      ]
    }
  ],
  "language": "en",
  "language_probs": {
    "en": 0.8432613015174866,
    "zh": 0.0022250444162636995,
    "de": 0.003997680731117725,
    "es": 0.005014214664697647,
    "ru": 0.006747363600879908,
    "ko": 0.00396657083183527,
    "fr": 0.004710419103503227,
    "ja": 0.0019181080861017108,
    "pt": 0.0026839158963412046,
    "tr": 0.001666481141000986,
    "pl": 0.0017193809617310762,
    "ca": 0.0010107719572260976,
    "nl": 0.005379467271268368,
    "ar": 0.002295674756169319,
    "sv": 0.003212226554751396,
    "it": 0.001200321363285184,
    "id": 0.00030586906359530985,
    "hi": 0.0005284943035803735,
    "fi": 0.0010428574169054627,
    "vi": 0.0002763296652119607,
    "he": 0.00021689364803023636,
    "uk": 0.0008713398710824549,
    "el": 0.0014365967363119125,
    "ms": 0.0031133966986089945,
    "cs": 0.0003689485020004213,
    "ro": 0.00020375273015815765,
    "da": 0.0017464574193581939,
    "hu": 0.0004180734104011208,
    "ta": 0.0002575675898697227,
    "no": 0.000508248049300164,
    "th": 0.0001611816551303491,
    "ur": 0.0008185480255633593,
    "hr": 7.886112871346995e-05,
    "bg": 8.232354593928903e-05,
    "lt": 0.0001188479145639576,
    "la": 0.00432252325117588,
    "mi": 0.0036972500383853912,
    "ml": 0.0003281495883129537,
    "cy": 0.06814596056938171,
    "sk": 4.4933716708328575e-05,
    "te": 0.0001057055196724832,
    "fa": 9.219799540005624e-05,
    "lv": 0.00012651293945964426,
    "bn": 0.0001188479145639576,
    "sr": 4.6541510528186336e-05,
    "az": 2.8118798581999727e-05,
    "sl": 0.000240079389186576,
    "kn": 7.249770078487927e-06,
    "et": 0.00010488291445653886,
    "mk": 2.29498964472441e-05,
    "br": 0.0006526034558191895,
    "eu": 4.475853347685188e-05,
    "is": 0.0007570332381874323,
    "hy": 1.1405487384763546e-05,
    "ne": 8.866594725986943e-05,
    "mn": 4.2876046791207045e-05,
    "bs": 0.0001756458223098889,
    "kk": 1.1316729796817526e-05,
    "sq": 4.9737089284462854e-05,
    "sw": 0.0003011270018760115,
    "gl": 0.0005538573605008423,
    "mr": 1.3650581422552932e-05,
    "pa": 8.643010005471297e-06,
    "si": 3.431755612837151e-05,
    "km": 0.0001798111479729414,
    "sn": 0.0002595876867417246,
    "yo": 0.00017157700494863093,
    "so": 2.795035015878966e-06,
    "af": 0.000512234284542501,
    "oc": 7.437312160618603e-05,
    "ka": 7.931271284178365e-06,
    "be": 9.112384577747434e-05,
    "tg": 3.491570339519967e-07,
    "sd": 6.386368477251381e-05,
    "gu": 3.547084133970202e-06,
    "am": 8.247217010648455e-06,
    "yi": 0.0001245515450136736,
    "lo": 3.1302906791097485e-06,
    "uz": 2.5990114504992334e-09,
    "fo": 0.00025357434060424566,
    "ht": 0.0002135310205630958,
    "ps": 1.2773540220223367e-05,
    "tk": 4.470028258651837e-08,
    "nn": 0.00795033760368824,
    "mt": 4.2376526835141703e-05,
    "sa": 0.00010488291445653886,
    "lb": 5.612301947621745e-07,
    "my": 2.5904251742758788e-05,
    "bo": 5.570289431489073e-05,
    "tl": 0.0005582012236118317,
    "mg": 8.244755633768364e-08,
    "as": 4.501483999774791e-06,
    "tt": 7.206338068499463e-07,
    "haw": 0.004565494600683451,
    "ln": 9.909259460982867e-06,
    "ha": 1.484210372382222e-07,
    "ba": 4.651499807550863e-08,
    "jw": 0.0009569796384312212,
    "su": 8.875615975512119e-08
  }
}