{
  "text": " Dima, est ce que l'on vole ?",
  "segments": [
    {
      "id": 0,
      "seek": 0,
      "start": 0.42,
      "end": 2.58,
      "text": " Dima, est ce que l'on vole ?",
      "tokens": [
        50364,
        413,
        4775,
        11,
        871,
        1769,
        631,
        287,
        6,
        266,
        49877,
        2506,
        50494
      ],
      "temperature": 0.0,
      "avg_logprob": -0.8432660784040179,
      "compression_ratio": 0.7777777777777778,
      "no_speech_prob": 0.0010773586109280586,
      "confidence": 0.456,
      "words": [
        {
          "text": "Dima,",
          "start": 0.42,
          "end": 0.84,
          "confidence": 0.247
        },
        {
          "text": "est",
          "start": 1.2,
          "end": 1.4,
          "confidence": 0.93
        },
        {
          "text": "ce",
          "start": 1.4,
          "end": 1.56,
          "confidence": 0.587
        },
        {
          "text": "que",
          "start": 1.56,
          "end": 1.68,
          "confidence": 0.916
        },
        {
          "text": "l'on",
          "start": 1.68,
          "end": 2.02,
          "confidence": 0.481
        },
        {
          "text": "vole ?",
          "start": 2.02,
          "end": 2.58,
          "confidence": 0.249
        }
      ]
    }
  ],
  "language": "fr",
  "language_probs": {
    "en": 0.0004427048552315682,
    "zh": 4.150092354393564e-05,
    "de": 8.062254346441478e-05,
    "es": 2.3646514819120057e-05,
    "ru": 2.6379595510661602e-05,
    "ko": 3.101747779510333e-06,
    "fr": 0.988398015499115,
    "ja": 9.801208216231316e-05,
    "pt": 0.001104298629797995,
    "tr": 4.841759619012009e-06,
    "pl": 1.2756338037434034e-05,
    "ca": 6.920935220477986e-07,
    "nl": 4.487320256885141e-05,
    "ar": 7.114913751138374e-05,
    "sv": 2.070558002742473e-05,
    "it": 0.001104298629797995,
    "id": 8.380914664485317e-07,
    "hi": 1.2980614201296703e-06,
    "fi": 7.67460761608163e-08,
    "vi": 1.0109312142958515e-06,
    "he": 0.00013501734065357596,
    "uk": 1.5262780550528987e-07,
    "el": 2.2388070647139102e-05,
    "ms": 2.1869453121325932e-05,
    "cs": 2.8241736345080426e-06,
    "ro": 1.1890214409504551e-05,
    "da": 2.891146777983522e-06,
    "hu": 5.8402770264365245e-06,
    "ta": 6.398907625992933e-09,
    "no": 5.306464458953997e-07,
    "th": 1.6217863958445378e-06,
    "ur": 1.8377247670287034e-06,
    "hr": 1.6565119054234856e-08,
    "bg": 3.9280556052290194e-07,
    "lt": 1.0570640363027906e-08,
    "la": 0.0002483348944224417,
    "mi": 3.647076312063291e-07,
    "ml": 9.549777857387198e-09,
    "cy": 1.612552114238497e-05,
    "sk": 1.099336799370576e-07,
    "te": 1.5392920271750654e-09,
    "fa": 8.348240498889936e-07,
    "lv": 1.160957729950951e-08,
    "bn": 2.7854085260514694e-07,
    "sr": 2.6419332499472148e-08,
    "az": 8.428907705138045e-08,
    "sl": 1.6473258028781856e-06,
    "kn": 9.501843756254402e-10,
    "et": 2.3914541458225358e-08,
    "mk": 7.015159297907303e-08,
    "br": 0.006159283686429262,
    "eu": 5.074120508652413e-06,
    "is": 4.916538287602634e-08,
    "hy": 1.4967571360102738e-07,
    "ne": 3.332702558367373e-09,
    "mn": 5.39976134916742e-08,
    "bs": 3.017182592657264e-08,
    "kk": 4.051535995586164e-09,
    "sq": 8.852010751070338e-07,
    "sw": 8.512894851264718e-07,
    "gl": 2.0225936168571934e-05,
    "mr": 4.171988976509056e-09,
    "pa": 1.5442691392308916e-07,
    "si": 4.0212069052358856e-07,
    "km": 4.5211646693132934e-07,
    "sn": 9.78062416834291e-06,
    "yo": 3.778702375711873e-05,
    "so": 3.365910217212331e-08,
    "af": 1.2073853383753885e-07,
    "oc": 0.0013851008843630552,
    "ka": 9.43992901625279e-08,
    "be": 3.1317190973823017e-07,
    "tg": 5.346487252921861e-09,
    "sd": 8.413717296207324e-07,
    "gu": 1.0570640363027906e-08,
    "am": 3.2879388101036966e-08,
    "yi": 6.464596935984446e-06,
    "lo": 3.0235324288696575e-07,
    "uz": 7.551113380410701e-12,
    "fo": 1.4766532103749341e-06,
    "ht": 0.00015419464034494013,
    "ps": 1.3681467692094884e-07,
    "tk": 1.9360801850609732e-10,
    "nn": 8.1254867836833e-05,
    "mt": 3.9127417039708234e-07,
    "sa": 1.975150354383004e-07,
    "lb": 5.274675629607373e-08,
    "my": 1.925918923006975e-06,
    "bo": 1.5870780600835133e-07,
    "tl": 5.953688742010854e-08,
    "mg": 8.492480607635855e-10,
    "as": 5.976990280487371e-08,
    "tt": 1.1517511389058654e-09,
    "haw": 0.00011458773951744661,
    "ln": 5.761833017459139e-05,
    "ha": 8.982996013706668e-10,
    "ba": 3.282146221472715e-10,
    "jw": 3.3276894555456238e-06,
    "su": 2.5238919287851047e-10
  }
}