What are you telling me, guys?
What are you telling me, dude?
What are you telling me, dude?
What are you telling me, dude?
What are you telling me, guys?
What are you telling me, guys?
What are you telling me, dude?
What are you telling me, dude?
What are you telling me, dude?
What are you telling me, dude?
What are you telling me, dude?
What are you telling me, dude?
What are you telling me, dude?
What are you telling me, dude?
What are you telling me, dude?
What are you telling me, dude?
What are you telling me, dude?
What are you telling me, dude?
What are you telling me, dude?
What are you telling me, dude?
What are you telling me, dude?
What are you telling me, dude?
What are you telling me, dude?
What are you telling me, dude?
What are you telling me, dude?
What are you telling me, dude?
What are you telling me, dude?
What are you telling me, dude?
What are you telling me, dude?
What are you telling me, dude?
What are you telling me, dude?
What are you telling me, dude?
What are you telling me, dude?
What are you telling me, dude?
What are you telling me, dude?
What are you telling me, dude?
What are you telling me, dude?
What are you telling me, dude?
What are you telling me, dude?
What are you telling me, dude?
What are you telling me, dude?
What are you telling me, dude?
What are you telling me, dude?
What are you telling me, dude?
What are you telling me, dude?
What are you telling me, dude?
What are you telling me, dude?
What are you telling me, dude?
What are you telling me, dude?
What are you telling me, dude?
What are you telling me, dude?
What are you telling me, dude?
What are you telling me, dude?
What are you telling me, dude?
What are you telling me, dude?
What are you telling me, dude?
What are you telling me, dude?
What are you telling me, dude?
What are you telling me, dude?
What are you telling me, dude?
What are you telling me, dude?
What are you telling me, dude?
What are you telling me, dude?
