{
  "text": " Merci beaucoup.",
  "segments": [
    {
      "id": 0,
      "seek": 0,
      "start": 0.16,
      "end": 0.82,
      "text": " Merci beaucoup.",
      "tokens": [
        50364,
        19856,
        8796,
        13,
        50414
      ],
      "temperature": 0.0,
      "avg_logprob": -1.3000399271647136,
      "compression_ratio": 0.6521739130434783,
      "no_speech_prob": 0.43056344985961914,
      "words": [
        {
          "text": "Merci",
          "start": 0.16,
          "end": 0.42
        },
        {
          "text": "beaucoup.",
          "start": 0.42,
          "end": 0.82
        }
      ]
    }
  ],
  "language": "fr"
}