{
  "text": " ... ... ... ...",
  "segments": [
    {
      "id": 0,
      "seek": 0,
      "start": 0.44,
      "end": 1.46,
      "text": " ...",
      "tokens": [
        50364,
        1097,
        50614
      ],
      "temperature": 0.0,
      "avg_logprob": -1.4211220741271973,
      "compression_ratio": 0.2727272727272727,
      "no_speech_prob": 0.5096546411514282,
      "confidence": 0.224,
      "words": [
        {
          "text": "...",
          "start": 0.44,
          "end": 1.46,
          "confidence": 0.224
        }
      ]
    },
    {
      "id": 1,
      "seek": 6000,
      "start": 60.0,
      "end": 69.42,
      "text": " ...",
      "tokens": [
        50364,
        1097,
        51714
      ],
      "temperature": 0.0,
      "avg_logprob": -0.965636134147644,
      "compression_ratio": 0.2727272727272727,
      "no_speech_prob": 0.8783581256866455,
      "confidence": 0.464,
      "words": [
        {
          "text": "...",
          "start": 60.0,
          "end": 69.42,
          "confidence": 0.464
        }
      ]
    },
    {
      "id": 2,
      "seek": 9000,
      "start": 105.48,
      "end": 105.5,
      "text": " ...",
      "tokens": [
        50364,
        1097,
        51114
      ],
      "temperature": 0.0,
      "avg_logprob": -0.8222528457641601,
      "compression_ratio": 0.2727272727272727,
      "no_speech_prob": 0.640861988067627,
      "confidence": 0.842,
      "words": [
        {
          "text": "...",
          "start": 105.48,
          "end": 105.5,
          "confidence": 0.842
        }
      ]
    },
    {
      "id": 3,
      "seek": 10500,
      "start": 106.84,
      "end": 108.62,
      "text": " ...",
      "tokens": [
        50414,
        1097,
        50864
      ],
      "temperature": 0.0,
      "avg_logprob": -0.923416793346405,
      "compression_ratio": 0.2727272727272727,
      "no_speech_prob": 0.8327455520629883,
      "confidence": 0.47,
      "words": [
        {
          "text": "...",
          "start": 106.84,
          "end": 108.62,
          "confidence": 0.47
        }
      ]
    }
  ],
  "language": "fr"
}