Bonjour! Est-ce que vous allez bien?
Bonjour! Est-ce que vous allez bien?
