{
  "text": " Die Wiederzulassung des Messbuchs von 1962 als Missale für die außerordentliche Form des römischen Rethus ist dann nicht so weitergegangen, wie sich Papst Benediktas gewünscht hatte. Das hat er als Emeritor so gemacht.",
  "segments": [
    {
      "id": 0,
      "seek": 0,
      "start": 0.84,
      "end": 8.56,
      "text": " Die Wiederzulassung des Messbuchs von 1962 als Missale für die außerordentliche Form des römischen Rethus",
      "tokens": [
        50364,
        3229,
        45742,
        89,
        425,
        40828,
        730,
        9847,
        65,
        37503,
        2957,
        39498,
        3907,
        5275,
        1220,
        2959,
        978,
        39428,
        765,
        7698,
        68,
        10126,
        730,
        367,
        32374,
        6282,
        497,
        3293,
        301,
        50814
      ],
      "temperature": 0.0,
      "avg_logprob": -0.28166988079364486,
      "compression_ratio": 1.247191011235955,
      "no_speech_prob": 0.2541781961917877,
      "confidence": 0.869,
      "words": [
        {
          "text": "Die",
          "start": 0.84,
          "end": 1.12,
          "confidence": 0.872
        },
        {
          "text": "Wiederzulassung",
          "start": 1.12,
          "end": 1.92,
          "confidence": 0.976
        },
        {
          "text": "des",
          "start": 1.92,
          "end": 2.16,
          "confidence": 0.986
        },
        {
          "text": "Messbuchs",
          "start": 2.16,
          "end": 2.74,
          "confidence": 0.947
        },
        {
          "text": "von",
          "start": 2.74,
          "end": 3.28,
          "confidence": 0.971
        },
        {
          "text": "1962",
          "start": 3.28,
          "end": 4.9,
          "confidence": 0.981
        },
        {
          "text": "als",
          "start": 4.9,
          "end": 5.26,
          "confidence": 0.925
        },
        {
          "text": "Missale",
          "start": 5.26,
          "end": 5.76,
          "confidence": 0.905
        },
        {
          "text": "für",
          "start": 5.76,
          "end": 5.96,
          "confidence": 0.955
        },
        {
          "text": "die",
          "start": 5.96,
          "end": 6.12,
          "confidence": 0.99
        },
        {
          "text": "außerordentliche",
          "start": 6.12,
          "end": 7.06,
          "confidence": 0.943
        },
        {
          "text": "Form",
          "start": 7.06,
          "end": 7.32,
          "confidence": 0.834
        },
        {
          "text": "des",
          "start": 7.32,
          "end": 7.64,
          "confidence": 0.863
        },
        {
          "text": "römischen",
          "start": 7.64,
          "end": 8.04,
          "confidence": 0.676
        },
        {
          "text": "Rethus",
          "start": 8.04,
          "end": 8.56,
          "confidence": 0.629
        }
      ]
    },
    {
      "id": 1,
      "seek": 0,
      "start": 9.44,
      "end": 12.74,
      "text": " ist dann nicht so weitergegangen, wie sich Papst Benediktas gewünscht hatte.",
      "tokens": [
        50814,
        1418,
        3594,
        1979,
        370,
        8988,
        432,
        47152,
        11,
        3355,
        3041,
        15919,
        372,
        39753,
        9874,
        296,
        6906,
        3412,
        82,
        4701,
        13299,
        13,
        51014
      ],
      "temperature": 0.0,
      "avg_logprob": -0.28166988079364486,
      "compression_ratio": 1.247191011235955,
      "no_speech_prob": 0.2541781961917877,
      "confidence": 0.889,
      "words": [
        {
          "text": "ist",
          "start": 9.44,
          "end": 9.66,
          "confidence": 0.975
        },
        {
          "text": "dann",
          "start": 9.66,
          "end": 9.82,
          "confidence": 0.688
        },
        {
          "text": "nicht",
          "start": 9.82,
          "end": 10.0,
          "confidence": 0.996
        },
        {
          "text": "so",
          "start": 10.0,
          "end": 10.16,
          "confidence": 0.992
        },
        {
          "text": "weitergegangen,",
          "start": 10.16,
          "end": 10.84,
          "confidence": 0.811
        },
        {
          "text": "wie",
          "start": 10.9,
          "end": 11.06,
          "confidence": 0.988
        },
        {
          "text": "sich",
          "start": 11.06,
          "end": 11.26,
          "confidence": 0.964
        },
        {
          "text": "Papst",
          "start": 11.26,
          "end": 11.56,
          "confidence": 0.884
        },
        {
          "text": "Benediktas",
          "start": 11.56,
          "end": 12.08,
          "confidence": 0.764
        },
        {
          "text": "gewünscht",
          "start": 12.08,
          "end": 12.56,
          "confidence": 0.992
        },
        {
          "text": "hatte.",
          "start": 12.56,
          "end": 12.74,
          "confidence": 0.952
        }
      ]
    },
    {
      "id": 2,
      "seek": 0,
      "start": 14.0,
      "end": 15.48,
      "text": " Das hat er als Emeritor so gemacht.",
      "tokens": [
        51014,
        2846,
        2385,
        1189,
        3907,
        18477,
        3029,
        370,
        12293,
        13,
        51114
      ],
      "temperature": 0.0,
      "avg_logprob": -0.28166988079364486,
      "compression_ratio": 1.247191011235955,
      "no_speech_prob": 0.2541781961917877,
      "confidence": 0.442,
      "words": [
        {
          "text": "Das",
          "start": 14.0,
          "end": 14.2,
          "confidence": 0.968
        },
        {
          "text": "hat",
          "start": 14.2,
          "end": 14.36,
          "confidence": 0.845
        },
        {
          "text": "er",
          "start": 14.36,
          "end": 14.5,
          "confidence": 0.99
        },
        {
          "text": "als",
          "start": 14.5,
          "end": 14.7,
          "confidence": 0.977
        },
        {
          "text": "Emeritor",
          "start": 14.7,
          "end": 15.24,
          "confidence": 0.429
        },
        {
          "text": "so",
          "start": 15.24,
          "end": 15.42,
          "confidence": 0.111
        },
        {
          "text": "gemacht.",
          "start": 15.42,
          "end": 15.48,
          "confidence": 0.09
        }
      ]
    }
  ],
  "language": "de",
  "language_probs": {
    "en": 0.006050508003681898,
    "zh": 0.00035218181437812746,
    "de": 0.9862326383590698,
    "es": 0.0004315021797083318,
    "ru": 0.0005806496483273804,
    "ko": 0.0005627849022857845,
    "fr": 0.0008188472711481154,
    "ja": 0.0003577278694137931,
    "pt": 0.0006683236570097506,
    "tr": 0.0003577278694137931,
    "pl": 0.0007455689483322203,
    "ca": 1.2701659670710796e-06,
    "nl": 0.0009877183474600315,
    "ar": 0.00017434264009352773,
    "sv": 5.3171497711446136e-05,
    "it": 0.0005897935479879379,
    "id": 1.8958882719743997e-05,
    "hi": 5.2347153541632e-05,
    "fi": 1.1145352800667752e-05,
    "vi": 6.120002217357978e-05,
    "he": 6.655193374172086e-06,
    "uk": 7.903237928985618e-06,
    "el": 4.013595389551483e-05,
    "ms": 1.7810220015235245e-05,
    "cs": 9.990628313971683e-06,
    "ro": 1.673115730227437e-05,
    "da": 4.945720320392866e-06,
    "hu": 4.477489346754737e-05,
    "ta": 1.7634508822084172e-06,
    "no": 2.9532243388530333e-06,
    "th": 4.076800178154372e-05,
    "ur": 2.6321804398321547e-05,
    "hr": 2.3131441651003115e-07,
    "bg": 2.424154104119225e-07,
    "lt": 1.8586635519568517e-07,
    "la": 0.00021697291231248528,
    "mi": 3.5070404464931926e-06,
    "ml": 3.618366235969006e-06,
    "cy": 4.013595389551483e-05,
    "sk": 3.582667602586298e-07,
    "te": 3.934790697712742e-07,
    "fa": 3.0949524898460368e-06,
    "lv": 4.3462691223794536e-08,
    "bn": 5.131934699420526e-07,
    "sr": 5.482659659605815e-09,
    "az": 2.2903229535131686e-08,
    "sl": 1.0206069873675006e-06,
    "kn": 8.761265490875303e-09,
    "et": 6.891269066500172e-08,
    "mk": 1.5344205905876152e-09,
    "br": 2.817986569425557e-06,
    "eu": 2.207217590921573e-07,
    "is": 1.3812415033953584e-07,
    "hy": 1.4250868218823598e-07,
    "ne": 1.2576346364312485e-07,
    "mn": 3.1616932005817944e-07,
    "bs": 4.7734424413192755e-08,
    "kk": 7.320311024017201e-09,
    "sq": 1.18820384642504e-08,
    "sw": 2.621135593017243e-07,
    "gl": 2.0941495222359663e-06,
    "mr": 2.053031877835565e-08,
    "pa": 3.776103696395694e-08,
    "si": 6.487373411800945e-07,
    "km": 2.396627314737998e-05,
    "sn": 3.618366235969006e-06,
    "yo": 2.2772820784666692e-07,
    "so": 3.266969750281845e-10,
    "af": 1.0264515282187858e-07,
    "oc": 4.600236138685432e-07,
    "ka": 1.333127719327365e-09,
    "be": 2.7469266683510796e-07,
    "tg": 2.060452086727338e-10,
    "sd": 1.8547597235851754e-08,
    "gu": 1.046383979463883e-09,
    "am": 1.924594483782016e-09,
    "yi": 2.704339294723468e-07,
    "lo": 4.449337609457871e-08,
    "uz": 1.6299518679208091e-10,
    "fo": 7.870076501603762e-08,
    "ht": 1.338745079237924e-07,
    "ps": 6.945317920781235e-08,
    "tk": 9.453291482941495e-10,
    "nn": 0.00032066518906503916,
    "mt": 1.4191070540903183e-09,
    "sa": 3.2945599741651677e-06,
    "lb": 7.837053783710246e-10,
    "my": 1.2381367753278028e-07,
    "bo": 6.784429729123076e-08,
    "tl": 2.999730895680841e-06,
    "mg": 1.046383979463883e-09,
    "as": 1.685231287851252e-09,
    "tt": 3.110817506368768e-11,
    "haw": 7.195980288088322e-06,
    "ln": 3.738849230217056e-09,
    "ha": 3.8194747364883597e-10,
    "ba": 9.306730386349216e-10,
    "jw": 2.9826507670804858e-05,
    "su": 2.2105424435370225e-10
  }
}