{
  "text": " Hello. How are you? Love. How are you? I'm okay. I will be. I said she could stay with us tomorrow, she feels better. Of course she can. This won't be for long. Well, you can stay as long as you want, my love. I really miss you.",
  "segments": [
    {
      "id": 0,
      "seek": 0,
      "start": 1.4,
      "end": 1.74,
      "text": " Hello.",
      "tokens": [
        50364,
        2425,
        13,
        50464
      ],
      "temperature": 0.0,
      "avg_logprob": -0.23879062428193934,
      "compression_ratio": 1.4615384615384615,
      "no_speech_prob": 0.05016394704580307,
      "confidence": 0.285,
      "words": [
        {
          "text": "Hello.",
          "start": 1.4,
          "end": 1.74,
          "confidence": 0.285
        }
      ]
    },
    {
      "id": 1,
      "seek": 0,
      "start": 2.32,
      "end": 3.5,
      "text": " How are you?",
      "tokens": [
        50464,
        1012,
        366,
        291,
        30,
        50564
      ],
      "temperature": 0.0,
      "avg_logprob": -0.23879062428193934,
      "compression_ratio": 1.4615384615384615,
      "no_speech_prob": 0.05016394704580307,
      "confidence": 0.786,
      "words": [
        {
          "text": "How",
          "start": 2.32,
          "end": 2.82,
          "confidence": 0.551
        },
        {
          "text": "are",
          "start": 2.82,
          "end": 3.24,
          "confidence": 0.989
        },
        {
          "text": "you?",
          "start": 3.24,
          "end": 3.5,
          "confidence": 0.893
        }
      ]
    },
    {
      "id": 2,
      "seek": 0,
      "start": 3.5,
      "end": 4.26,
      "text": " Love.",
      "tokens": [
        50564,
        5956,
        13,
        50664
      ],
      "temperature": 0.0,
      "avg_logprob": -0.23879062428193934,
      "compression_ratio": 1.4615384615384615,
      "no_speech_prob": 0.05016394704580307,
      "confidence": 0.244,
      "words": [
        {
          "text": "Love.",
          "start": 3.5,
          "end": 4.26,
          "confidence": 0.244
        }
      ]
    },
    {
      "id": 3,
      "seek": 0,
      "start": 5.5,
      "end": 6.38,
      "text": " How are you?",
      "tokens": [
        50664,
        1012,
        366,
        291,
        30,
        50764
      ],
      "temperature": 0.0,
      "avg_logprob": -0.23879062428193934,
      "compression_ratio": 1.4615384615384615,
      "no_speech_prob": 0.05016394704580307,
      "confidence": 0.926,
      "words": [
        {
          "text": "How",
          "start": 5.5,
          "end": 5.68,
          "confidence": 0.851
        },
        {
          "text": "are",
          "start": 5.68,
          "end": 6.08,
          "confidence": 0.998
        },
        {
          "text": "you?",
          "start": 6.08,
          "end": 6.38,
          "confidence": 0.935
        }
      ]
    },
    {
      "id": 4,
      "seek": 0,
      "start": 7.5,
      "end": 9.18,
      "text": " I'm okay. I will be.",
      "tokens": [
        50764,
        286,
        478,
        1392,
        13,
        286,
        486,
        312,
        13,
        50864
      ],
      "temperature": 0.0,
      "avg_logprob": -0.23879062428193934,
      "compression_ratio": 1.4615384615384615,
      "no_speech_prob": 0.05016394704580307,
      "confidence": 0.77,
      "words": [
        {
          "text": "I'm",
          "start": 7.5,
          "end": 7.52,
          "confidence": 0.767
        },
        {
          "text": "okay.",
          "start": 7.52,
          "end": 8.22,
          "confidence": 0.488
        },
        {
          "text": "I",
          "start": 8.42,
          "end": 8.64,
          "confidence": 0.767
        },
        {
          "text": "will",
          "start": 8.64,
          "end": 8.94,
          "confidence": 0.949
        },
        {
          "text": "be.",
          "start": 8.94,
          "end": 9.18,
          "confidence": 0.997
        }
      ]
    },
    {
      "id": 5,
      "seek": 0,
      "start": 9.5,
      "end": 11.52,
      "text": " I said she could stay with us tomorrow, she feels better.",
      "tokens": [
        50864,
        286,
        848,
        750,
        727,
        1754,
        365,
        505,
        4153,
        11,
        750,
        3417,
        1101,
        13,
        50964
      ],
      "temperature": 0.0,
      "avg_logprob": -0.23879062428193934,
      "compression_ratio": 1.4615384615384615,
      "no_speech_prob": 0.05016394704580307,
      "confidence": 0.786,
      "words": [
        {
          "text": "I",
          "start": 9.5,
          "end": 9.52,
          "confidence": 0.883
        },
        {
          "text": "said",
          "start": 9.52,
          "end": 9.64,
          "confidence": 0.856
        },
        {
          "text": "she",
          "start": 9.64,
          "end": 9.78,
          "confidence": 0.928
        },
        {
          "text": "could",
          "start": 9.78,
          "end": 9.96,
          "confidence": 0.909
        },
        {
          "text": "stay",
          "start": 9.96,
          "end": 10.16,
          "confidence": 0.994
        },
        {
          "text": "with",
          "start": 10.16,
          "end": 10.28,
          "confidence": 0.977
        },
        {
          "text": "us",
          "start": 10.28,
          "end": 10.46,
          "confidence": 0.993
        },
        {
          "text": "tomorrow,",
          "start": 10.46,
          "end": 10.66,
          "confidence": 0.514
        },
        {
          "text": "she",
          "start": 10.72,
          "end": 10.86,
          "confidence": 0.279
        },
        {
          "text": "feels",
          "start": 10.86,
          "end": 11.16,
          "confidence": 0.809
        },
        {
          "text": "better.",
          "start": 11.16,
          "end": 11.52,
          "confidence": 0.992
        }
      ]
    },
    {
      "id": 6,
      "seek": 0,
      "start": 12.06,
      "end": 13.36,
      "text": " Of course she can.",
      "tokens": [
        50964,
        2720,
        1164,
        750,
        393,
        13,
        51064
      ],
      "temperature": 0.0,
      "avg_logprob": -0.23879062428193934,
      "compression_ratio": 1.4615384615384615,
      "no_speech_prob": 0.05016394704580307,
      "confidence": 0.928,
      "words": [
        {
          "text": "Of",
          "start": 12.06,
          "end": 12.34,
          "confidence": 0.788
        },
        {
          "text": "course",
          "start": 12.34,
          "end": 12.56,
          "confidence": 0.989
        },
        {
          "text": "she",
          "start": 12.56,
          "end": 12.88,
          "confidence": 0.958
        },
        {
          "text": "can.",
          "start": 12.88,
          "end": 13.36,
          "confidence": 0.993
        }
      ]
    },
    {
      "id": 7,
      "seek": 0,
      "start": 13.5,
      "end": 15.26,
      "text": " This won't be for long.",
      "tokens": [
        51064,
        639,
        1582,
        380,
        312,
        337,
        938,
        13,
        51164
      ],
      "temperature": 0.0,
      "avg_logprob": -0.23879062428193934,
      "compression_ratio": 1.4615384615384615,
      "no_speech_prob": 0.05016394704580307,
      "confidence": 0.892,
      "words": [
        {
          "text": "This",
          "start": 13.5,
          "end": 14.28,
          "confidence": 0.543
        },
        {
          "text": "won't",
          "start": 14.28,
          "end": 14.6,
          "confidence": 0.975
        },
        {
          "text": "be",
          "start": 14.6,
          "end": 14.8,
          "confidence": 0.996
        },
        {
          "text": "for",
          "start": 14.8,
          "end": 14.96,
          "confidence": 0.984
        },
        {
          "text": "long.",
          "start": 14.96,
          "end": 15.26,
          "confidence": 0.996
        }
      ]
    },
    {
      "id": 8,
      "seek": 0,
      "start": 15.5,
      "end": 17.62,
      "text": " Well, you can stay as long as you want, my love.",
      "tokens": [
        51164,
        1042,
        11,
        291,
        393,
        1754,
        382,
        938,
        382,
        291,
        528,
        11,
        452,
        959,
        13,
        51264
      ],
      "temperature": 0.0,
      "avg_logprob": -0.23879062428193934,
      "compression_ratio": 1.4615384615384615,
      "no_speech_prob": 0.05016394704580307,
      "confidence": 0.927,
      "words": [
        {
          "text": "Well,",
          "start": 15.5,
          "end": 15.56,
          "confidence": 0.675
        },
        {
          "text": "you",
          "start": 15.68,
          "end": 15.7,
          "confidence": 0.744
        },
        {
          "text": "can",
          "start": 15.7,
          "end": 15.94,
          "confidence": 0.982
        },
        {
          "text": "stay",
          "start": 15.94,
          "end": 16.14,
          "confidence": 0.985
        },
        {
          "text": "as",
          "start": 16.14,
          "end": 16.28,
          "confidence": 0.972
        },
        {
          "text": "long",
          "start": 16.28,
          "end": 16.4,
          "confidence": 0.994
        },
        {
          "text": "as",
          "start": 16.4,
          "end": 16.48,
          "confidence": 0.996
        },
        {
          "text": "you",
          "start": 16.48,
          "end": 16.62,
          "confidence": 0.995
        },
        {
          "text": "want,",
          "start": 16.62,
          "end": 16.8,
          "confidence": 0.995
        },
        {
          "text": "my",
          "start": 16.88,
          "end": 17.22,
          "confidence": 0.95
        },
        {
          "text": "love.",
          "start": 17.22,
          "end": 17.62,
          "confidence": 0.993
        }
      ]
    },
    {
      "id": 9,
      "seek": 0,
      "start": 17.76,
      "end": 19.26,
      "text": " I really miss you.",
      "tokens": [
        51264,
        286,
        534,
        1713,
        291,
        13,
        51364
      ],
      "temperature": 0.0,
      "avg_logprob": -0.23879062428193934,
      "compression_ratio": 1.4615384615384615,
      "no_speech_prob": 0.05016394704580307,
      "confidence": 0.792,
      "words": [
        {
          "text": "I",
          "start": 17.76,
          "end": 17.98,
          "confidence": 0.587
        },
        {
          "text": "really",
          "start": 17.98,
          "end": 18.36,
          "confidence": 0.944
        },
        {
          "text": "miss",
          "start": 18.36,
          "end": 18.78,
          "confidence": 0.905
        },
        {
          "text": "you.",
          "start": 18.78,
          "end": 19.26,
          "confidence": 0.787
        }
      ]
    }
  ],
  "language": "en",
  "language_probs": {
    "en": 0.7642066478729248,
    "zh": 0.002470605308189988,
    "de": 0.00040966656524688005,
    "es": 0.0006444960017688572,
    "ru": 0.0002904970897361636,
    "ko": 0.0003848461201414466,
    "fr": 0.0005512665957212448,
    "ja": 0.00021587910305242985,
    "pt": 0.0011135890381410718,
    "tr": 0.0011135890381410718,
    "pl": 0.0003396255197003484,
    "ca": 8.587077900301665e-05,
    "nl": 0.0008538184338249266,
    "ar": 0.0006860623834654689,
    "sv": 0.00031410224619321525,
    "it": 0.00036152946995571256,
    "id": 1.690895987849217e-05,
    "hi": 3.751416443265043e-05,
    "fi": 2.0396098989294842e-05,
    "vi": 0.00011555175296962261,
    "he": 7.386976903944742e-06,
    "uk": 2.3475764464819804e-05,
    "el": 0.00016552023589611053,
    "ms": 0.00035592447966337204,
    "cs": 1.0917243344010785e-05,
    "ro": 6.029074484104058e-06,
    "da": 3.993362042820081e-05,
    "hu": 1.6134639736264944e-05,
    "ta": 6.518983809655765e-06,
    "no": 2.7020438210456632e-05,
    "th": 9.730433521326631e-05,
    "ur": 4.317853745305911e-05,
    "hr": 7.314098411370651e-07,
    "bg": 1.324411982750462e-06,
    "lt": 3.9149543340499804e-07,
    "la": 0.0018942790338769555,
    "mi": 0.00033436008379794657,
    "ml": 1.02558014987153e-05,
    "cy": 0.21894888579845428,
    "sk": 1.3742783266934566e-07,
    "te": 3.772898935494595e-06,
    "fa": 2.3475764464819804e-05,
    "lv": 3.195292492819135e-07,
    "bn": 2.1835862753505353e-06,
    "sr": 2.107523933148059e-08,
    "az": 2.7330784746482095e-07,
    "sl": 1.4690757780044805e-05,
    "kn": 2.7061142660045334e-08,
    "et": 1.1939934552174236e-07,
    "mk": 1.615894618112179e-08,
    "br": 1.7720436517265625e-05,
    "eu": 1.0476960596861318e-06,
    "is": 1.690895987849217e-05,
    "hy": 4.8241702188533964e-08,
    "ne": 3.096983789419028e-07,
    "mn": 1.244169880010304e-06,
    "bs": 2.5528709102218272e-06,
    "kk": 3.114718438723685e-08,
    "sq": 5.520970489669708e-07,
    "sw": 3.2779512366687413e-06,
    "gl": 2.2753489247406833e-05,
    "mr": 7.019126258001052e-08,
    "pa": 4.299735962831619e-07,
    "si": 1.324411982750462e-06,
    "km": 7.008568354649469e-05,
    "sn": 9.78615389612969e-06,
    "yo": 8.772251931077335e-06,
    "so": 4.851795409877013e-09,
    "af": 9.050712833413854e-06,
    "oc": 2.474327402524068e-06,
    "ka": 3.6055483043639924e-09,
    "be": 1.115266741180676e-06,
    "tg": 6.181347877998178e-09,
    "sd": 6.003777031082791e-08,
    "gu": 4.8898485260906455e-09,
    "am": 2.278776634057067e-08,
    "yi": 7.200703180387791e-07,
    "lo": 5.186471412343963e-07,
    "uz": 6.935280127962073e-10,
    "fo": 1.5727781601526658e-06,
    "ht": 2.7603114176599775e-06,
    "ps": 1.597545633558184e-06,
    "tk": 4.417610277585027e-09,
    "nn": 0.0033245631493628025,
    "mt": 3.4013709182545426e-07,
    "sa": 3.544309947756119e-06,
    "lb": 8.188955291643651e-09,
    "my": 1.6227033938776003e-06,
    "bo": 2.2529004581883783e-06,
    "tl": 5.9018060710513964e-05,
    "mg": 1.6934430746573526e-08,
    "as": 3.6414750326230205e-08,
    "tt": 4.248373652870896e-09,
    "haw": 8.999180136015639e-05,
    "ln": 5.216171672373093e-08,
    "ha": 2.0748498030798146e-08,
    "ba": 6.038157085441753e-09,
    "jw": 7.460582128260285e-05,
    "su": 2.351112904364072e-08
  }
}