{
  "text": " Dis-moi, est-ce que l'avion vole ?",
  "segments": [
    {
      "id": 0,
      "seek": 0,
      "start": 0.38,
      "end": 2.76,
      "text": " Dis-moi, est-ce que l'avion vole ?",
      "tokens": [
        50364,
        4208,
        12,
        29292,
        11,
        871,
        12,
        384,
        631,
        287,
        6,
        706,
        313,
        49877,
        2506,
        50496
      ],
      "temperature": 0.0,
      "avg_logprob": -0.26327380012063417,
      "compression_ratio": 0.8095238095238095,
      "no_speech_prob": 0.03882359713315964,
      "confidence": 0.928,
      "words": [
        {
          "text": "Dis-moi,",
          "start": 0.38,
          "end": 1.1,
          "confidence": 0.809
        },
        {
          "text": "est-ce",
          "start": 1.28,
          "end": 1.5,
          "confidence": 0.968
        },
        {
          "text": "que",
          "start": 1.5,
          "end": 1.66,
          "confidence": 0.978
        },
        {
          "text": "l'avion",
          "start": 1.66,
          "end": 2.04,
          "confidence": 0.993
        },
        {
          "text": "vole ?",
          "start": 2.04,
          "end": 2.76,
          "confidence": 0.898
        }
      ]
    }
  ],
  "language": "fr",
  "language_probs": {
    "en": 0.003270540852099657,
    "zh": 0.00047116613131947815,
    "de": 0.001078509958460927,
    "es": 0.0011845114640891552,
    "ru": 0.00093702576123178,
    "ko": 0.0007529213326051831,
    "fr": 0.9805174469947815,
    "ja": 0.001148067880421877,
    "pt": 0.0008141020080074668,
    "tr": 0.00018451130017638206,
    "pl": 0.000586375710554421,
    "ca": 1.4227982319425792e-05,
    "nl": 0.001078509958460927,
    "ar": 0.00047116613131947815,
    "sv": 9.133971616392955e-05,
    "it": 0.0027540717273950577,
    "id": 5.540033816942014e-05,
    "hi": 4.88906262035016e-05,
    "fi": 4.966054257238284e-05,
    "vi": 5.8059056755155325e-05,
    "he": 0.00010513137385714799,
    "uk": 1.743249231367372e-05,
    "el": 0.00029027703567408025,
    "ms": 0.00015296523633878678,
    "cs": 7.691574865020812e-05,
    "ro": 0.00010846859368029982,
    "da": 4.14057922171196e-06,
    "hu": 7.0032590883784e-05,
    "ta": 3.7700406210205983e-06,
    "no": 5.234182481217431e-06,
    "th": 4.966054257238284e-05,
    "ur": 9.627135113987606e-06,
    "hr": 9.330939064966515e-06,
    "bg": 1.0409415153844748e-05,
    "lt": 3.3987944902946765e-07,
    "la": 0.0007412483682855964,
    "mi": 1.7985856175073422e-05,
    "ml": 7.195247917479719e-07,
    "cy": 0.00010846859368029982,
    "sk": 3.029312438229681e-06,
    "te": 1.0633887086441973e-06,
    "fa": 1.1795412319770548e-05,
    "lv": 2.6886678483606374e-07,
    "bn": 6.654516369053454e-07,
    "sr": 7.124260292812323e-08,
    "az": 1.4848232865460886e-07,
    "sl": 1.3365954146138392e-05,
    "kn": 2.600472903679929e-08,
    "et": 6.865753903184668e-07,
    "mk": 1.4848232865460886e-07,
    "br": 0.0006049892399460077,
    "eu": 5.839152890985133e-06,
    "is": 3.094637577305548e-07,
    "hy": 5.10219479110674e-07,
    "ne": 1.3103519336254976e-07,
    "mn": 8.679125471644511e-07,
    "bs": 1.8956951635118457e-06,
    "kk": 9.005908907511184e-08,
    "sq": 8.59349853499225e-08,
    "sw": 6.3136294556898065e-06,
    "gl": 2.742515607678797e-05,
    "mr": 1.330987089431801e-07,
    "pa": 5.635753907995422e-08,
    "si": 2.1819321318616858e-06,
    "km": 0.00010846859368029982,
    "sn": 5.7158933486789465e-05,
    "yo": 4.5475362639990635e-06,
    "so": 6.225109316915223e-09,
    "af": 3.452317969276919e-07,
    "oc": 9.423914889339358e-05,
    "ka": 3.8432503401963913e-08,
    "be": 4.917059413855895e-06,
    "tg": 6.944611108394838e-09,
    "sd": 2.5655444346739387e-07,
    "gu": 3.01660172397078e-08,
    "am": 6.141496555756021e-08,
    "yi": 5.347054070625745e-07,
    "lo": 9.238881375495112e-07,
    "uz": 3.49196982440958e-09,
    "fo": 1.936574705041494e-07,
    "ht": 8.629708645457868e-06,
    "ps": 6.059006523173593e-07,
    "tk": 2.6414245013484106e-08,
    "nn": 0.0012221119832247496,
    "mt": 3.6672549441618685e-08,
    "sa": 8.495916517858859e-06,
    "lb": 2.2770503704805378e-08,
    "my": 1.323408582720731e-06,
    "bo": 5.264155902295897e-07,
    "tl": 2.6169269403908402e-05,
    "mg": 6.692623344406456e-08,
    "as": 1.6659257084938872e-08,
    "tt": 3.0576710052798717e-09,
    "haw": 5.4541436838917434e-05,
    "ln": 2.049735257969587e-06,
    "ha": 2.041134550267998e-08,
    "ba": 3.088138456064371e-08,
    "jw": 0.0003727230941876769,
    "su": 1.4028500139318112e-08
  }
}