{
  "text": "3212122222222211111111111111111111111111111111111111111111111",
  "segments": [
    {
      "id": 0,
      "seek": 0,
      "start": 0.04,
      "end": 0.7,
      "text": "3",
      "tokens": [
        50364,
        18,
        50464
      ],
      "temperature": 0.0,
      "avg_logprob": -0.284898887981068,
      "compression_ratio": 1.0,
      "no_speech_prob": 0.8409799933433533,
      "confidence": 0.029,
      "words": [
        {
          "text": "3",
          "start": 0.04,
          "end": 0.7,
          "confidence": 0.029
        }
      ]
    },
    {
      "id": 1,
      "seek": 0,
      "start": 1.96,
      "end": 3.02,
      "text": "2",
      "tokens": [
        50464,
        17,
        50564
      ],
      "temperature": 0.0,
      "avg_logprob": -0.284898887981068,
      "compression_ratio": 1.0,
      "no_speech_prob": 0.8409799933433533,
      "confidence": 0.691,
      "words": [
        {
          "text": "2",
          "start": 1.96,
          "end": 3.02,
          "confidence": 0.691
        }
      ]
    },
    {
      "id": 2,
      "seek": 0,
      "start": 3.72,
      "end": 4.92,
      "text": "1",
      "tokens": [
        50564,
        16,
        50664
      ],
      "temperature": 0.0,
      "avg_logprob": -0.284898887981068,
      "compression_ratio": 1.0,
      "no_speech_prob": 0.8409799933433533,
      "confidence": 0.949,
      "words": [
        {
          "text": "1",
          "start": 3.72,
          "end": 4.92,
          "confidence": 0.949
        }
      ]
    },
    {
      "id": 3,
      "seek": 0,
      "start": 5.5,
      "end": 7.08,
      "text": "2",
      "tokens": [
        50664,
        17,
        50764
      ],
      "temperature": 0.0,
      "avg_logprob": -0.284898887981068,
      "compression_ratio": 1.0,
      "no_speech_prob": 0.8409799933433533,
      "confidence": 0.278,
      "words": [
        {
          "text": "2",
          "start": 5.5,
          "end": 7.08,
          "confidence": 0.278
        }
      ]
    },
    {
      "id": 4,
      "seek": 0,
      "start": 8.46,
      "end": 9.34,
      "text": "1",
      "tokens": [
        50764,
        16,
        50864
      ],
      "temperature": 0.0,
      "avg_logprob": -0.284898887981068,
      "compression_ratio": 1.0,
      "no_speech_prob": 0.8409799933433533,
      "confidence": 0.702,
      "words": [
        {
          "text": "1",
          "start": 8.46,
          "end": 9.34,
          "confidence": 0.702
        }
      ]
    },
    {
      "id": 5,
      "seek": 0,
      "start": 9.78,
      "end": 11.34,
      "text": "2",
      "tokens": [
        50864,
        17,
        50964
      ],
      "temperature": 0.0,
      "avg_logprob": -0.284898887981068,
      "compression_ratio": 1.0,
      "no_speech_prob": 0.8409799933433533,
      "confidence": 0.919,
      "words": [
        {
          "text": "2",
          "start": 9.78,
          "end": 11.34,
          "confidence": 0.919
        }
      ]
    },
    {
      "id": 6,
      "seek": 0,
      "start": 11.8,
      "end": 13.4,
      "text": "2",
      "tokens": [
        50964,
        17,
        51064
      ],
      "temperature": 0.0,
      "avg_logprob": -0.284898887981068,
      "compression_ratio": 1.0,
      "no_speech_prob": 0.8409799933433533,
      "confidence": 0.657,
      "words": [
        {
          "text": "2",
          "start": 11.8,
          "end": 13.4,
          "confidence": 0.657
        }
      ]
    },
    {
      "id": 7,
      "seek": 0,
      "start": 13.68,
      "end": 15.54,
      "text": "2",
      "tokens": [
        51064,
        17,
        51164
      ],
      "temperature": 0.0,
      "avg_logprob": -0.284898887981068,
      "compression_ratio": 1.0,
      "no_speech_prob": 0.8409799933433533,
      "confidence": 0.773,
      "words": [
        {
          "text": "2",
          "start": 13.68,
          "end": 15.54,
          "confidence": 0.773
        }
      ]
    },
    {
      "id": 8,
      "seek": 0,
      "start": 15.54,
      "end": 17.2,
      "text": "2",
      "tokens": [
        51164,
        17,
        51264
      ],
      "temperature": 0.0,
      "avg_logprob": -0.284898887981068,
      "compression_ratio": 1.0,
      "no_speech_prob": 0.8409799933433533,
      "confidence": 0.905,
      "words": [
        {
          "text": "2",
          "start": 15.54,
          "end": 17.2,
          "confidence": 0.905
        }
      ]
    },
    {
      "id": 9,
      "seek": 0,
      "start": 17.5,
      "end": 19.24,
      "text": "2",
      "tokens": [
        51264,
        17,
        51364
      ],
      "temperature": 0.0,
      "avg_logprob": -0.284898887981068,
      "compression_ratio": 1.0,
      "no_speech_prob": 0.8409799933433533,
      "confidence": 0.809,
      "words": [
        {
          "text": "2",
          "start": 17.5,
          "end": 19.24,
          "confidence": 0.809
        }
      ]
    },
    {
      "id": 10,
      "seek": 0,
      "start": 19.64,
      "end": 20.8,
      "text": "2",
      "tokens": [
        51364,
        17,
        51464
      ],
      "temperature": 0.0,
      "avg_logprob": -0.284898887981068,
      "compression_ratio": 1.0,
      "no_speech_prob": 0.8409799933433533,
      "confidence": 0.626,
      "words": [
        {
          "text": "2",
          "start": 19.64,
          "end": 20.8,
          "confidence": 0.626
        }
      ]
    },
    {
      "id": 11,
      "seek": 0,
      "start": 22.06,
      "end": 22.9,
      "text": "2",
      "tokens": [
        51464,
        17,
        51564
      ],
      "temperature": 0.0,
      "avg_logprob": -0.284898887981068,
      "compression_ratio": 1.0,
      "no_speech_prob": 0.8409799933433533,
      "confidence": 0.834,
      "words": [
        {
          "text": "2",
          "start": 22.06,
          "end": 22.9,
          "confidence": 0.834
        }
      ]
    },
    {
      "id": 12,
      "seek": 0,
      "start": 23.56,
      "end": 25.08,
      "text": "2",
      "tokens": [
        51564,
        17,
        51664
      ],
      "temperature": 0.0,
      "avg_logprob": -0.284898887981068,
      "compression_ratio": 1.0,
      "no_speech_prob": 0.8409799933433533,
      "confidence": 0.974,
      "words": [
        {
          "text": "2",
          "start": 23.56,
          "end": 25.08,
          "confidence": 0.974
        }
      ]
    },
    {
      "id": 13,
      "seek": 0,
      "start": 26.48,
      "end": 27.08,
      "text": "2",
      "tokens": [
        51664,
        17,
        51764
      ],
      "temperature": 0.0,
      "avg_logprob": -0.284898887981068,
      "compression_ratio": 1.0,
      "no_speech_prob": 0.8409799933433533,
      "confidence": 0.971,
      "words": [
        {
          "text": "2",
          "start": 26.48,
          "end": 27.08,
          "confidence": 0.971
        }
      ]
    },
    {
      "id": 14,
      "seek": 2800,
      "start": 28.12,
      "end": 29.62,
      "text": "1",
      "tokens": [
        50364,
        16,
        50464
      ],
      "temperature": 0.0,
      "avg_logprob": -0.11499140479347923,
      "compression_ratio": 1.2727272727272727,
      "no_speech_prob": 0.18292438983917236,
      "confidence": 0.316,
      "words": [
        {
          "text": "1",
          "start": 28.12,
          "end": 29.62,
          "confidence": 0.316
        }
      ]
    },
    {
      "id": 15,
      "seek": 2800,
      "start": 30.84,
      "end": 31.14,
      "text": "1",
      "tokens": [
        50464,
        16,
        50564
      ],
      "temperature": 0.0,
      "avg_logprob": -0.11499140479347923,
      "compression_ratio": 1.2727272727272727,
      "no_speech_prob": 0.18292438983917236,
      "confidence": 0.545,
      "words": [
        {
          "text": "1",
          "start": 30.84,
          "end": 31.14,
          "confidence": 0.545
        }
      ]
    },
    {
      "id": 16,
      "seek": 2800,
      "start": 32.06,
      "end": 33.18,
      "text": "1",
      "tokens": [
        50564,
        16,
        50664
      ],
      "temperature": 0.0,
      "avg_logprob": -0.11499140479347923,
      "compression_ratio": 1.2727272727272727,
      "no_speech_prob": 0.18292438983917236,
      "confidence": 0.913,
      "words": [
        {
          "text": "1",
          "start": 32.06,
          "end": 33.18,
          "confidence": 0.913
        }
      ]
    },
    {
      "id": 17,
      "seek": 2800,
      "start": 33.5,
      "end": 35.1,
      "text": "1",
      "tokens": [
        50664,
        16,
        50764
      ],
      "temperature": 0.0,
      "avg_logprob": -0.11499140479347923,
      "compression_ratio": 1.2727272727272727,
      "no_speech_prob": 0.18292438983917236,
      "confidence": 0.887,
      "words": [
        {
          "text": "1",
          "start": 33.5,
          "end": 35.1,
          "confidence": 0.887
        }
      ]
    },
    {
      "id": 18,
      "seek": 2800,
      "start": 36.18,
      "end": 36.64,
      "text": "1",
      "tokens": [
        50764,
        16,
        50864
      ],
      "temperature": 0.0,
      "avg_logprob": -0.11499140479347923,
      "compression_ratio": 1.2727272727272727,
      "no_speech_prob": 0.18292438983917236,
      "confidence": 0.957,
      "words": [
        {
          "text": "1",
          "start": 36.18,
          "end": 36.64,
          "confidence": 0.957
        }
      ]
    },
    {
      "id": 19,
      "seek": 2800,
      "start": 37.5,
      "end": 38.46,
      "text": "1",
      "tokens": [
        50864,
        16,
        50964
      ],
      "temperature": 0.0,
      "avg_logprob": -0.11499140479347923,
      "compression_ratio": 1.2727272727272727,
      "no_speech_prob": 0.18292438983917236,
      "confidence": 0.958,
      "words": [
        {
          "text": "1",
          "start": 37.5,
          "end": 38.46,
          "confidence": 0.958
        }
      ]
    },
    {
      "id": 20,
      "seek": 2800,
      "start": 39.5,
      "end": 41.14,
      "text": "1",
      "tokens": [
        50964,
        16,
        51064
      ],
      "temperature": 0.0,
      "avg_logprob": -0.11499140479347923,
      "compression_ratio": 1.2727272727272727,
      "no_speech_prob": 0.18292438983917236,
      "confidence": 0.966,
      "words": [
        {
          "text": "1",
          "start": 39.5,
          "end": 41.14,
          "confidence": 0.966
        }
      ]
    },
    {
      "id": 21,
      "seek": 2800,
      "start": 41.5,
      "end": 43.38,
      "text": "1",
      "tokens": [
        51064,
        16,
        51164
      ],
      "temperature": 0.0,
      "avg_logprob": -0.11499140479347923,
      "compression_ratio": 1.2727272727272727,
      "no_speech_prob": 0.18292438983917236,
      "confidence": 0.973,
      "words": [
        {
          "text": "1",
          "start": 41.5,
          "end": 43.38,
          "confidence": 0.973
        }
      ]
    },
    {
      "id": 22,
      "seek": 2800,
      "start": 43.88,
      "end": 44.68,
      "text": "1",
      "tokens": [
        51164,
        16,
        51264
      ],
      "temperature": 0.0,
      "avg_logprob": -0.11499140479347923,
      "compression_ratio": 1.2727272727272727,
      "no_speech_prob": 0.18292438983917236,
      "confidence": 0.946,
      "words": [
        {
          "text": "1",
          "start": 43.88,
          "end": 44.68,
          "confidence": 0.946
        }
      ]
    },
    {
      "id": 23,
      "seek": 2800,
      "start": 45.5,
      "end": 47.16,
      "text": "1",
      "tokens": [
        51264,
        16,
        51364
      ],
      "temperature": 0.0,
      "avg_logprob": -0.11499140479347923,
      "compression_ratio": 1.2727272727272727,
      "no_speech_prob": 0.18292438983917236,
      "confidence": 0.96,
      "words": [
        {
          "text": "1",
          "start": 45.5,
          "end": 47.16,
          "confidence": 0.96
        }
      ]
    },
    {
      "id": 24,
      "seek": 2800,
      "start": 47.94,
      "end": 48.8,
      "text": "1",
      "tokens": [
        51364,
        16,
        51464
      ],
      "temperature": 0.0,
      "avg_logprob": -0.11499140479347923,
      "compression_ratio": 1.2727272727272727,
      "no_speech_prob": 0.18292438983917236,
      "confidence": 0.965,
      "words": [
        {
          "text": "1",
          "start": 47.94,
          "end": 48.8,
          "confidence": 0.965
        }
      ]
    },
    {
      "id": 25,
      "seek": 2800,
      "start": 50.22,
      "end": 50.96,
      "text": "1",
      "tokens": [
        51464,
        16,
        51564
      ],
      "temperature": 0.0,
      "avg_logprob": -0.11499140479347923,
      "compression_ratio": 1.2727272727272727,
      "no_speech_prob": 0.18292438983917236,
      "confidence": 0.967,
      "words": [
        {
          "text": "1",
          "start": 50.22,
          "end": 50.96,
          "confidence": 0.967
        }
      ]
    },
    {
      "id": 26,
      "seek": 2800,
      "start": 52.22,
      "end": 52.84,
      "text": "1",
      "tokens": [
        51564,
        16,
        51664
      ],
      "temperature": 0.0,
      "avg_logprob": -0.11499140479347923,
      "compression_ratio": 1.2727272727272727,
      "no_speech_prob": 0.18292438983917236,
      "confidence": 0.963,
      "words": [
        {
          "text": "1",
          "start": 52.22,
          "end": 52.84,
          "confidence": 0.963
        }
      ]
    },
    {
      "id": 27,
      "seek": 2800,
      "start": 53.5,
      "end": 54.78,
      "text": "1",
      "tokens": [
        51664,
        16,
        51764
      ],
      "temperature": 0.0,
      "avg_logprob": -0.11499140479347923,
      "compression_ratio": 1.2727272727272727,
      "no_speech_prob": 0.18292438983917236,
      "confidence": 0.945,
      "words": [
        {
          "text": "1",
          "start": 53.5,
          "end": 54.78,
          "confidence": 0.945
        }
      ]
    },
    {
      "id": 28,
      "seek": 5600,
      "start": 56.56,
      "end": 57.24,
      "text": "1",
      "tokens": [
        50364,
        16,
        50464
      ],
      "temperature": 0.0,
      "avg_logprob": -0.1206196438182484,
      "compression_ratio": 1.2727272727272727,
      "no_speech_prob": 0.1875864416360855,
      "confidence": 0.425,
      "words": [
        {
          "text": "1",
          "start": 56.56,
          "end": 57.24,
          "confidence": 0.425
        }
      ]
    },
    {
      "id": 29,
      "seek": 5600,
      "start": 57.64,
      "end": 58.86,
      "text": "1",
      "tokens": [
        50464,
        16,
        50564
      ],
      "temperature": 0.0,
      "avg_logprob": -0.1206196438182484,
      "compression_ratio": 1.2727272727272727,
      "no_speech_prob": 0.1875864416360855,
      "confidence": 0.789,
      "words": [
        {
          "text": "1",
          "start": 57.64,
          "end": 58.86,
          "confidence": 0.789
        }
      ]
    },
    {
      "id": 30,
      "seek": 5600,
      "start": 60.08,
      "end": 60.92,
      "text": "1",
      "tokens": [
        50564,
        16,
        50664
      ],
      "temperature": 0.0,
      "avg_logprob": -0.1206196438182484,
      "compression_ratio": 1.2727272727272727,
      "no_speech_prob": 0.1875864416360855,
      "confidence": 0.953,
      "words": [
        {
          "text": "1",
          "start": 60.08,
          "end": 60.92,
          "confidence": 0.953
        }
      ]
    },
    {
      "id": 31,
      "seek": 5600,
      "start": 61.5,
      "end": 62.62,
      "text": "1",
      "tokens": [
        50664,
        16,
        50764
      ],
      "temperature": 0.0,
      "avg_logprob": -0.1206196438182484,
      "compression_ratio": 1.2727272727272727,
      "no_speech_prob": 0.1875864416360855,
      "confidence": 0.949,
      "words": [
        {
          "text": "1",
          "start": 61.5,
          "end": 62.62,
          "confidence": 0.949
        }
      ]
    },
    {
      "id": 32,
      "seek": 5600,
      "start": 64.36,
      "end": 65.06,
      "text": "1",
      "tokens": [
        50764,
        16,
        50864
      ],
      "temperature": 0.0,
      "avg_logprob": -0.1206196438182484,
      "compression_ratio": 1.2727272727272727,
      "no_speech_prob": 0.1875864416360855,
      "confidence": 0.954,
      "words": [
        {
          "text": "1",
          "start": 64.36,
          "end": 65.06,
          "confidence": 0.954
        }
      ]
    },
    {
      "id": 33,
      "seek": 5600,
      "start": 65.5,
      "end": 66.92,
      "text": "1",
      "tokens": [
        50864,
        16,
        50964
      ],
      "temperature": 0.0,
      "avg_logprob": -0.1206196438182484,
      "compression_ratio": 1.2727272727272727,
      "no_speech_prob": 0.1875864416360855,
      "confidence": 0.952,
      "words": [
        {
          "text": "1",
          "start": 65.5,
          "end": 66.92,
          "confidence": 0.952
        }
      ]
    },
    {
      "id": 34,
      "seek": 5600,
      "start": 67.96,
      "end": 69.06,
      "text": "1",
      "tokens": [
        50964,
        16,
        51064
      ],
      "temperature": 0.0,
      "avg_logprob": -0.1206196438182484,
      "compression_ratio": 1.2727272727272727,
      "no_speech_prob": 0.1875864416360855,
      "confidence": 0.965,
      "words": [
        {
          "text": "1",
          "start": 67.96,
          "end": 69.06,
          "confidence": 0.965
        }
      ]
    },
    {
      "id": 35,
      "seek": 5600,
      "start": 70.38,
      "end": 71.69,
      "text": "1",
      "tokens": [
        51064,
        16,
        51164
      ],
      "temperature": 0.0,
      "avg_logprob": -0.1206196438182484,
      "compression_ratio": 1.2727272727272727,
      "no_speech_prob": 0.1875864416360855,
      "confidence": 0.956,
      "words": [
        {
          "text": "1",
          "start": 70.38,
          "end": 71.69,
          "confidence": 0.956
        }
      ]
    },
    {
      "id": 36,
      "seek": 5600,
      "start": 71.69,
      "end": 73.56,
      "text": "1",
      "tokens": [
        51164,
        16,
        51264
      ],
      "temperature": 0.0,
      "avg_logprob": -0.1206196438182484,
      "compression_ratio": 1.2727272727272727,
      "no_speech_prob": 0.1875864416360855,
      "confidence": 0.957,
      "words": [
        {
          "text": "1",
          "start": 71.69,
          "end": 73.56,
          "confidence": 0.957
        }
      ]
    },
    {
      "id": 37,
      "seek": 5600,
      "start": 73.56,
      "end": 75.34,
      "text": "1",
      "tokens": [
        51264,
        16,
        51364
      ],
      "temperature": 0.0,
      "avg_logprob": -0.1206196438182484,
      "compression_ratio": 1.2727272727272727,
      "no_speech_prob": 0.1875864416360855,
      "confidence": 0.955,
      "words": [
        {
          "text": "1",
          "start": 73.56,
          "end": 75.34,
          "confidence": 0.955
        }
      ]
    },
    {
      "id": 38,
      "seek": 5600,
      "start": 75.5,
      "end": 76.42,
      "text": "1",
      "tokens": [
        51364,
        16,
        51464
      ],
      "temperature": 0.0,
      "avg_logprob": -0.1206196438182484,
      "compression_ratio": 1.2727272727272727,
      "no_speech_prob": 0.1875864416360855,
      "confidence": 0.939,
      "words": [
        {
          "text": "1",
          "start": 75.5,
          "end": 76.42,
          "confidence": 0.939
        }
      ]
    },
    {
      "id": 39,
      "seek": 5600,
      "start": 78.14,
      "end": 78.78,
      "text": "1",
      "tokens": [
        51464,
        16,
        51564
      ],
      "temperature": 0.0,
      "avg_logprob": -0.1206196438182484,
      "compression_ratio": 1.2727272727272727,
      "no_speech_prob": 0.1875864416360855,
      "confidence": 0.936,
      "words": [
        {
          "text": "1",
          "start": 78.14,
          "end": 78.78,
          "confidence": 0.936
        }
      ]
    },
    {
      "id": 40,
      "seek": 5600,
      "start": 80.08,
      "end": 80.86,
      "text": "1",
      "tokens": [
        51564,
        16,
        51664
      ],
      "temperature": 0.0,
      "avg_logprob": -0.1206196438182484,
      "compression_ratio": 1.2727272727272727,
      "no_speech_prob": 0.1875864416360855,
      "confidence": 0.922,
      "words": [
        {
          "text": "1",
          "start": 80.08,
          "end": 80.86,
          "confidence": 0.922
        }
      ]
    },
    {
      "id": 41,
      "seek": 5600,
      "start": 81.5,
      "end": 82.84,
      "text": "1",
      "tokens": [
        51664,
        16,
        51764
      ],
      "temperature": 0.0,
      "avg_logprob": -0.1206196438182484,
      "compression_ratio": 1.2727272727272727,
      "no_speech_prob": 0.1875864416360855,
      "confidence": 0.896,
      "words": [
        {
          "text": "1",
          "start": 81.5,
          "end": 82.84,
          "confidence": 0.896
        }
      ]
    },
    {
      "id": 42,
      "seek": 8400,
      "start": 84.82,
      "end": 85.6,
      "text": "1",
      "tokens": [
        50364,
        16,
        50464
      ],
      "temperature": 0.0,
      "avg_logprob": -0.10664921457117255,
      "compression_ratio": 1.2727272727272727,
      "no_speech_prob": 0.1820167452096939,
      "confidence": 0.793,
      "words": [
        {
          "text": "1",
          "start": 84.82,
          "end": 85.6,
          "confidence": 0.793
        }
      ]
    },
    {
      "id": 43,
      "seek": 8400,
      "start": 85.6,
      "end": 86.8,
      "text": "1",
      "tokens": [
        50464,
        16,
        50564
      ],
      "temperature": 0.0,
      "avg_logprob": -0.10664921457117255,
      "compression_ratio": 1.2727272727272727,
      "no_speech_prob": 0.1820167452096939,
      "confidence": 0.88,
      "words": [
        {
          "text": "1",
          "start": 85.6,
          "end": 86.8,
          "confidence": 0.88
        }
      ]
    },
    {
      "id": 44,
      "seek": 8400,
      "start": 87.76,
      "end": 88.72,
      "text": "1",
      "tokens": [
        50564,
        16,
        50664
      ],
      "temperature": 0.0,
      "avg_logprob": -0.10664921457117255,
      "compression_ratio": 1.2727272727272727,
      "no_speech_prob": 0.1820167452096939,
      "confidence": 0.954,
      "words": [
        {
          "text": "1",
          "start": 87.76,
          "end": 88.72,
          "confidence": 0.954
        }
      ]
    },
    {
      "id": 45,
      "seek": 8400,
      "start": 89.5,
      "end": 90.52,
      "text": "1",
      "tokens": [
        50664,
        16,
        50764
      ],
      "temperature": 0.0,
      "avg_logprob": -0.10664921457117255,
      "compression_ratio": 1.2727272727272727,
      "no_speech_prob": 0.1820167452096939,
      "confidence": 0.951,
      "words": [
        {
          "text": "1",
          "start": 89.5,
          "end": 90.52,
          "confidence": 0.951
        }
      ]
    },
    {
      "id": 46,
      "seek": 8400,
      "start": 91.5,
      "end": 93.02,
      "text": "1",
      "tokens": [
        50764,
        16,
        50864
      ],
      "temperature": 0.0,
      "avg_logprob": -0.10664921457117255,
      "compression_ratio": 1.2727272727272727,
      "no_speech_prob": 0.1820167452096939,
      "confidence": 0.91,
      "words": [
        {
          "text": "1",
          "start": 91.5,
          "end": 93.02,
          "confidence": 0.91
        }
      ]
    },
    {
      "id": 47,
      "seek": 8400,
      "start": 93.68,
      "end": 95.36,
      "text": "1",
      "tokens": [
        50864,
        16,
        50964
      ],
      "temperature": 0.0,
      "avg_logprob": -0.10664921457117255,
      "compression_ratio": 1.2727272727272727,
      "no_speech_prob": 0.1820167452096939,
      "confidence": 0.944,
      "words": [
        {
          "text": "1",
          "start": 93.68,
          "end": 95.36,
          "confidence": 0.944
        }
      ]
    },
    {
      "id": 48,
      "seek": 8400,
      "start": 95.86,
      "end": 97.84,
      "text": "1",
      "tokens": [
        50964,
        16,
        51064
      ],
      "temperature": 0.0,
      "avg_logprob": -0.10664921457117255,
      "compression_ratio": 1.2727272727272727,
      "no_speech_prob": 0.1820167452096939,
      "confidence": 0.967,
      "words": [
        {
          "text": "1",
          "start": 95.86,
          "end": 97.84,
          "confidence": 0.967
        }
      ]
    },
    {
      "id": 49,
      "seek": 8400,
      "start": 97.84,
      "end": 98.98,
      "text": "1",
      "tokens": [
        51064,
        16,
        51164
      ],
      "temperature": 0.0,
      "avg_logprob": -0.10664921457117255,
      "compression_ratio": 1.2727272727272727,
      "no_speech_prob": 0.1820167452096939,
      "confidence": 0.976,
      "words": [
        {
          "text": "1",
          "start": 97.84,
          "end": 98.98,
          "confidence": 0.976
        }
      ]
    },
    {
      "id": 50,
      "seek": 8400,
      "start": 99.5,
      "end": 101.1,
      "text": "1",
      "tokens": [
        51164,
        16,
        51264
      ],
      "temperature": 0.0,
      "avg_logprob": -0.10664921457117255,
      "compression_ratio": 1.2727272727272727,
      "no_speech_prob": 0.1820167452096939,
      "confidence": 0.981,
      "words": [
        {
          "text": "1",
          "start": 99.5,
          "end": 101.1,
          "confidence": 0.981
        }
      ]
    },
    {
      "id": 51,
      "seek": 8400,
      "start": 101.5,
      "end": 103.48,
      "text": "1",
      "tokens": [
        51264,
        16,
        51364
      ],
      "temperature": 0.0,
      "avg_logprob": -0.10664921457117255,
      "compression_ratio": 1.2727272727272727,
      "no_speech_prob": 0.1820167452096939,
      "confidence": 0.985,
      "words": [
        {
          "text": "1",
          "start": 101.5,
          "end": 103.48,
          "confidence": 0.985
        }
      ]
    },
    {
      "id": 52,
      "seek": 8400,
      "start": 103.5,
      "end": 105.44,
      "text": "1",
      "tokens": [
        51364,
        16,
        51464
      ],
      "temperature": 0.0,
      "avg_logprob": -0.10664921457117255,
      "compression_ratio": 1.2727272727272727,
      "no_speech_prob": 0.1820167452096939,
      "confidence": 0.987,
      "words": [
        {
          "text": "1",
          "start": 103.5,
          "end": 105.44,
          "confidence": 0.987
        }
      ]
    },
    {
      "id": 53,
      "seek": 8400,
      "start": 105.58,
      "end": 107.08,
      "text": "1",
      "tokens": [
        51464,
        16,
        51564
      ],
      "temperature": 0.0,
      "avg_logprob": -0.10664921457117255,
      "compression_ratio": 1.2727272727272727,
      "no_speech_prob": 0.1820167452096939,
      "confidence": 0.956,
      "words": [
        {
          "text": "1",
          "start": 105.58,
          "end": 107.08,
          "confidence": 0.956
        }
      ]
    },
    {
      "id": 54,
      "seek": 8400,
      "start": 108.32,
      "end": 108.98,
      "text": "1",
      "tokens": [
        51564,
        16,
        51664
      ],
      "temperature": 0.0,
      "avg_logprob": -0.10664921457117255,
      "compression_ratio": 1.2727272727272727,
      "no_speech_prob": 0.1820167452096939,
      "confidence": 0.946,
      "words": [
        {
          "text": "1",
          "start": 108.32,
          "end": 108.98,
          "confidence": 0.946
        }
      ]
    },
    {
      "id": 55,
      "seek": 8400,
      "start": 109.5,
      "end": 110.4,
      "text": "1",
      "tokens": [
        51664,
        16,
        51764
      ],
      "temperature": 0.0,
      "avg_logprob": -0.10664921457117255,
      "compression_ratio": 1.2727272727272727,
      "no_speech_prob": 0.1820167452096939,
      "confidence": 0.888,
      "words": [
        {
          "text": "1",
          "start": 109.5,
          "end": 110.4,
          "confidence": 0.888
        }
      ]
    },
    {
      "id": 56,
      "seek": 11200,
      "start": 112.66,
      "end": 113.32,
      "text": "1",
      "tokens": [
        50364,
        16,
        50464
      ],
      "temperature": 0.0,
      "avg_logprob": -0.12969079613685608,
      "compression_ratio": 0.45454545454545453,
      "no_speech_prob": 0.27970418334007263,
      "confidence": 0.917,
      "words": [
        {
          "text": "1",
          "start": 112.66,
          "end": 113.32,
          "confidence": 0.917
        }
      ]
    },
    {
      "id": 57,
      "seek": 11200,
      "start": 113.98,
      "end": 114.82,
      "text": "1",
      "tokens": [
        50464,
        16,
        50564
      ],
      "temperature": 0.0,
      "avg_logprob": -0.12969079613685608,
      "compression_ratio": 0.45454545454545453,
      "no_speech_prob": 0.27970418334007263,
      "confidence": 0.888,
      "words": [
        {
          "text": "1",
          "start": 113.98,
          "end": 114.82,
          "confidence": 0.888
        }
      ]
    },
    {
      "id": 58,
      "seek": 11200,
      "start": 116.1,
      "end": 117.3,
      "text": "1",
      "tokens": [
        50564,
        16,
        50664
      ],
      "temperature": 0.0,
      "avg_logprob": -0.12969079613685608,
      "compression_ratio": 0.45454545454545453,
      "no_speech_prob": 0.27970418334007263,
      "confidence": 0.979,
      "words": [
        {
          "text": "1",
          "start": 116.1,
          "end": 117.3,
          "confidence": 0.979
        }
      ]
    },
    {
      "id": 59,
      "seek": 11200,
      "start": 117.5,
      "end": 118.68,
      "text": "1",
      "tokens": [
        50664,
        16,
        50764
      ],
      "temperature": 0.0,
      "avg_logprob": -0.12969079613685608,
      "compression_ratio": 0.45454545454545453,
      "no_speech_prob": 0.27970418334007263,
      "confidence": 0.981,
      "words": [
        {
          "text": "1",
          "start": 117.5,
          "end": 118.68,
          "confidence": 0.981
        }
      ]
    },
    {
      "id": 60,
      "seek": 11200,
      "start": 119.5,
      "end": 120.86,
      "text": "1",
      "tokens": [
        50764,
        16,
        50864
      ],
      "temperature": 0.0,
      "avg_logprob": -0.12969079613685608,
      "compression_ratio": 0.45454545454545453,
      "no_speech_prob": 0.27970418334007263,
      "confidence": 0.973,
      "words": [
        {
          "text": "1",
          "start": 119.5,
          "end": 120.86,
          "confidence": 0.973
        }
      ]
    }
  ],
  "language": "zh",
  "language_probs": {
    "en": 0.3608749508857727,
    "zh": 0.40258511900901794,
    "de": 0.017688356339931488,
    "es": 0.013351871632039547,
    "ru": 0.024557847529649734,
    "ko": 0.03202947601675987,
    "fr": 0.010237235575914383,
    "ja": 0.024944579228758812,
    "pt": 0.014436815865337849,
    "tr": 0.011968540027737617,
    "pl": 0.0067137423902750015,
    "ca": 0.0001964998955372721,
    "nl": 0.0022488220129162073,
    "ar": 0.006306977476924658,
    "sv": 0.0012813402572646737,
    "it": 0.005653538275510073,
    "id": 0.0013428329257294536,
    "hi": 0.001451948657631874,
    "fi": 0.0006052622338756919,
    "vi": 0.004614283796399832,
    "he": 0.0003614185843616724,
    "uk": 0.0006442983285523951,
    "el": 0.0013015182921662927,
    "ms": 0.0029792049899697304,
    "cs": 0.0003728912561200559,
    "ro": 0.000982437515631318,
    "da": 0.00043595407623797655,
    "hu": 0.0023202074225991964,
    "ta": 0.00022616998467128724,
    "no": 0.00028590564033947885,
    "th": 0.0027553143445402384,
    "ur": 0.0006244753021746874,
    "hr": 5.992907608742826e-05,
    "bg": 4.594921847456135e-05,
    "lt": 1.0744692190201022e-05,
    "la": 0.0025482492055743933,
    "mi": 0.0003502989129628986,
    "ml": 0.00017614134412724525,
    "cy": 0.0029792049899697304,
    "sk": 1.9762512238230556e-05,
    "te": 0.00020273745758458972,
    "fa": 0.0007300855941139162,
    "lv": 2.2876768071000697e-06,
    "bn": 0.00011372540757292882,
    "sr": 2.552088062657276e-06,
    "az": 2.1490734525286825e-06,
    "sl": 3.2077721698442474e-05,
    "kn": 6.868851301078394e-07,
    "et": 2.0188676899124403e-06,
    "mk": 3.244615527364658e-07,
    "br": 0.0006752188201062381,
    "eu": 2.4594843125669286e-05,
    "is": 1.8857521354220808e-05,
    "hy": 6.415948973881314e-06,
    "ne": 2.3838139895815402e-05,
    "mn": 1.9456123482086696e-05,
    "bs": 2.0389841665746644e-05,
    "kk": 2.0188676899124403e-06,
    "sq": 1.8671472616915707e-06,
    "sw": 1.1085765436291695e-05,
    "gl": 0.00017341053171548992,
    "mr": 1.6737000123612233e-06,
    "pa": 4.996745246899081e-06,
    "si": 0.00014376237231772393,
    "km": 0.00041599024552851915,
    "sn": 0.00018459455168340355,
    "yo": 3.9302449295064434e-05,
    "so": 1.7097923432629614e-07,
    "af": 1.8097013025908382e-06,
    "oc": 1.4458562873187475e-05,
    "ka": 3.1943122280608804e-07,
    "be": 3.8093239709269255e-05,
    "tg": 6.14426696188275e-08,
    "sd": 5.8417867876414675e-06,
    "gu": 2.4111935204018664e-07,
    "am": 1.9833936448776512e-07,
    "yi": 1.025265646603657e-05,
    "lo": 1.4458562873187475e-05,
    "uz": 1.0760877522386636e-08,
    "fo": 1.2175330084573943e-05,
    "ht": 8.499750947521534e-06,
    "ps": 1.198656900669448e-05,
    "tk": 7.411401270474016e-08,
    "nn": 0.02100544236600399,
    "mt": 1.9374485304979316e-07,
    "sa": 0.00014376237231772393,
    "lb": 2.2253061615629122e-08,
    "my": 0.00010517879854887724,
    "bo": 2.1368370653362945e-05,
    "tl": 0.0008144693565554917,
    "mg": 1.0616341228342208e-07,
    "as": 1.2055209026584635e-06,
    "tt": 1.0594044752565424e-08,
    "haw": 0.004989230073988438,
    "ln": 2.689880886919127e-07,
    "ha": 5.296689664646692e-08,
    "ba": 7.239716381945982e-08,
    "jw": 0.007373603526502848,
    "su": 1.3954918642866687e-07
  }
}