Bonjour!
Est-ce que vous allez bien?
Bonjour!
Bonjour!
Est-ce que vous allez bien?
