{
  "text": " Apollo 11, Houston we got a recommendation for you on your Soyuz-EA GLEME GVA. Alright, okay. Yeah, let's take that camera. They make it want to go on the helmet. We're going to have a B1 and you can put the other one on the mic helmet with those GVA. Over. Alright, got them. Alright, got them. They're the better helmet that C1 has. They got the one mic that makes going through the leak reshapes. We got them in there helmet bags. And uh, we got the helmet in there helmet bags. The leak system, the leak of the bag. Right, yeah. Yeah, we're taking the leak to the auto, see you later. Hey, we were going to hang with the cover on the right side already. Okay, fine. We weren't sure of that, just a suggestion. We thought we'd, uh, you could check it out. It's not much of a hard to turn on, so uh, I guess we're going to come up with just let us know. Okay, no problem. Okay, no problem. We'll let you know when the end of the sun. Hello.",
  "segments": [
    {
      "id": 0,
      "seek": 0,
      "start": 0.52,
      "end": 6.54,
      "text": " Apollo 11, Houston we got a recommendation for you on your Soyuz-EA GLEME GVA.",
      "tokens": [
        50364,
        25187,
        2975,
        11,
        18717,
        321,
        658,
        257,
        11879,
        337,
        291,
        322,
        428,
        24758,
        3334,
        12,
        36,
        32,
        460,
        2634,
        15454,
        460,
        20914,
        13,
        50714
      ],
      "temperature": 0.2,
      "avg_logprob": -0.6685471307663691,
      "compression_ratio": 1.3597883597883598,
      "no_speech_prob": 0.44998496770858765,
      "confidence": 0.548,
      "words": [
        {
          "text": "Apollo",
          "start": 0.52,
          "end": 0.88,
          "confidence": 0.155
        },
        {
          "text": "11,",
          "start": 0.88,
          "end": 1.26,
          "confidence": 0.977
        },
        {
          "text": "Houston",
          "start": 1.52,
          "end": 1.72,
          "confidence": 0.986
        },
        {
          "text": "we",
          "start": 1.72,
          "end": 1.94,
          "confidence": 0.518
        },
        {
          "text": "got",
          "start": 1.94,
          "end": 2.1,
          "confidence": 0.823
        },
        {
          "text": "a",
          "start": 2.1,
          "end": 2.26,
          "confidence": 0.989
        },
        {
          "text": "recommendation",
          "start": 2.26,
          "end": 2.86,
          "confidence": 0.968
        },
        {
          "text": "for",
          "start": 2.86,
          "end": 3.44,
          "confidence": 0.946
        },
        {
          "text": "you",
          "start": 3.44,
          "end": 3.6,
          "confidence": 0.984
        },
        {
          "text": "on",
          "start": 3.6,
          "end": 3.72,
          "confidence": 0.909
        },
        {
          "text": "your",
          "start": 3.72,
          "end": 3.92,
          "confidence": 0.971
        },
        {
          "text": "Soyuz-EA",
          "start": 3.92,
          "end": 5.26,
          "confidence": 0.321
        },
        {
          "text": "GLEME",
          "start": 5.26,
          "end": 5.74,
          "confidence": 0.558
        },
        {
          "text": "GVA.",
          "start": 5.74,
          "end": 6.54,
          "confidence": 0.336
        }
      ]
    },
    {
      "id": 1,
      "seek": 0,
      "start": 10.8,
      "end": 12.2,
      "text": " Alright, okay.",
      "tokens": [
        50914,
        2798,
        11,
        1392,
        13,
        50964
      ],
      "temperature": 0.2,
      "avg_logprob": -0.6685471307663691,
      "compression_ratio": 1.3597883597883598,
      "no_speech_prob": 0.44998496770858765,
      "confidence": 0.366,
      "words": [
        {
          "text": "Alright,",
          "start": 10.8,
          "end": 11.08,
          "confidence": 0.282
        },
        {
          "text": "okay.",
          "start": 11.68,
          "end": 12.2,
          "confidence": 0.476
        }
      ]
    },
    {
      "id": 2,
      "seek": 0,
      "start": 12.82,
      "end": 14.4,
      "text": " Yeah, let's take that camera.",
      "tokens": [
        51014,
        865,
        11,
        718,
        311,
        747,
        300,
        2799,
        13,
        51064
      ],
      "temperature": 0.2,
      "avg_logprob": -0.6685471307663691,
      "compression_ratio": 1.3597883597883598,
      "no_speech_prob": 0.44998496770858765,
      "confidence": 0.357,
      "words": [
        {
          "text": "Yeah,",
          "start": 12.82,
          "end": 13.0,
          "confidence": 0.167
        },
        {
          "text": "let's",
          "start": 13.04,
          "end": 13.38,
          "confidence": 0.277
        },
        {
          "text": "take",
          "start": 13.38,
          "end": 14.02,
          "confidence": 0.398
        },
        {
          "text": "that",
          "start": 14.02,
          "end": 14.26,
          "confidence": 0.478
        },
        {
          "text": "camera.",
          "start": 14.26,
          "end": 14.4,
          "confidence": 0.849
        }
      ]
    },
    {
      "id": 3,
      "seek": 0,
      "start": 14.84,
      "end": 17.26,
      "text": " They make it want to go on the helmet.",
      "tokens": [
        51114,
        814,
        652,
        309,
        528,
        281,
        352,
        322,
        264,
        15922,
        13,
        51214
      ],
      "temperature": 0.2,
      "avg_logprob": -0.6685471307663691,
      "compression_ratio": 1.3597883597883598,
      "no_speech_prob": 0.44998496770858765,
      "confidence": 0.551,
      "words": [
        {
          "text": "They",
          "start": 14.84,
          "end": 15.48,
          "confidence": 0.397
        },
        {
          "text": "make",
          "start": 15.48,
          "end": 15.68,
          "confidence": 0.428
        },
        {
          "text": "it",
          "start": 15.68,
          "end": 15.86,
          "confidence": 0.21
        },
        {
          "text": "want",
          "start": 15.86,
          "end": 16.06,
          "confidence": 0.24
        },
        {
          "text": "to",
          "start": 16.06,
          "end": 16.2,
          "confidence": 0.965
        },
        {
          "text": "go",
          "start": 16.2,
          "end": 16.38,
          "confidence": 0.904
        },
        {
          "text": "on",
          "start": 16.38,
          "end": 16.6,
          "confidence": 0.952
        },
        {
          "text": "the",
          "start": 16.6,
          "end": 16.8,
          "confidence": 0.889
        },
        {
          "text": "helmet.",
          "start": 16.8,
          "end": 17.26,
          "confidence": 0.745
        }
      ]
    },
    {
      "id": 4,
      "seek": 0,
      "start": 17.62,
      "end": 23.74,
      "text": " We're going to have a B1 and you can put the other one on the mic helmet with those GVA.",
      "tokens": [
        51264,
        492,
        434,
        516,
        281,
        362,
        257,
        363,
        16,
        293,
        291,
        393,
        829,
        264,
        661,
        472,
        322,
        264,
        3123,
        15922,
        365,
        729,
        460,
        20914,
        13,
        51564
      ],
      "temperature": 0.2,
      "avg_logprob": -0.6685471307663691,
      "compression_ratio": 1.3597883597883598,
      "no_speech_prob": 0.44998496770858765,
      "confidence": 0.672,
      "words": [
        {
          "text": "We're",
          "start": 17.62,
          "end": 17.8,
          "confidence": 0.779
        },
        {
          "text": "going",
          "start": 17.8,
          "end": 17.92,
          "confidence": 0.633
        },
        {
          "text": "to",
          "start": 17.92,
          "end": 17.98,
          "confidence": 0.992
        },
        {
          "text": "have",
          "start": 17.98,
          "end": 18.2,
          "confidence": 0.953
        },
        {
          "text": "a",
          "start": 18.2,
          "end": 18.38,
          "confidence": 0.36
        },
        {
          "text": "B1",
          "start": 18.38,
          "end": 19.08,
          "confidence": 0.836
        },
        {
          "text": "and",
          "start": 19.08,
          "end": 20.16,
          "confidence": 0.42
        },
        {
          "text": "you",
          "start": 20.16,
          "end": 20.32,
          "confidence": 0.865
        },
        {
          "text": "can",
          "start": 20.32,
          "end": 20.48,
          "confidence": 0.699
        },
        {
          "text": "put",
          "start": 20.48,
          "end": 20.64,
          "confidence": 0.971
        },
        {
          "text": "the",
          "start": 20.64,
          "end": 20.84,
          "confidence": 0.976
        },
        {
          "text": "other",
          "start": 20.84,
          "end": 21.0,
          "confidence": 0.995
        },
        {
          "text": "one",
          "start": 21.0,
          "end": 21.18,
          "confidence": 0.97
        },
        {
          "text": "on",
          "start": 21.18,
          "end": 21.42,
          "confidence": 0.988
        },
        {
          "text": "the",
          "start": 21.42,
          "end": 21.94,
          "confidence": 0.627
        },
        {
          "text": "mic",
          "start": 21.94,
          "end": 22.48,
          "confidence": 0.391
        },
        {
          "text": "helmet",
          "start": 22.48,
          "end": 22.8,
          "confidence": 0.935
        },
        {
          "text": "with",
          "start": 22.8,
          "end": 23.06,
          "confidence": 0.466
        },
        {
          "text": "those",
          "start": 23.06,
          "end": 23.3,
          "confidence": 0.358
        },
        {
          "text": "GVA.",
          "start": 23.3,
          "end": 23.74,
          "confidence": 0.363
        }
      ]
    },
    {
      "id": 5,
      "seek": 0,
      "start": 24.88,
      "end": 25.12,
      "text": " Over.",
      "tokens": [
        51614,
        4886,
        13,
        51664
      ],
      "temperature": 0.2,
      "avg_logprob": -0.6685471307663691,
      "compression_ratio": 1.3597883597883598,
      "no_speech_prob": 0.44998496770858765,
      "confidence": 0.29,
      "words": [
        {
          "text": "Over.",
          "start": 24.88,
          "end": 25.12,
          "confidence": 0.29
        }
      ]
    },
    {
      "id": 6,
      "seek": 3000,
      "start": 31.28,
      "end": 32.12,
      "text": " Alright, got them.",
      "tokens": [
        50414,
        2798,
        11,
        658,
        552,
        13,
        50464
      ],
      "temperature": 0.2,
      "avg_logprob": -0.7122965494791667,
      "compression_ratio": 1.8131868131868132,
      "no_speech_prob": 0.07163436710834503,
      "confidence": 0.531,
      "words": [
        {
          "text": "Alright,",
          "start": 31.28,
          "end": 31.56,
          "confidence": 0.866
        },
        {
          "text": "got",
          "start": 31.82,
          "end": 31.86,
          "confidence": 0.43
        },
        {
          "text": "them.",
          "start": 31.86,
          "end": 32.12,
          "confidence": 0.402
        }
      ]
    },
    {
      "id": 7,
      "seek": 3000,
      "start": 32.74,
      "end": 33.44,
      "text": " Alright, got them.",
      "tokens": [
        50514,
        2798,
        11,
        658,
        552,
        13,
        50564
      ],
      "temperature": 0.2,
      "avg_logprob": -0.7122965494791667,
      "compression_ratio": 1.8131868131868132,
      "no_speech_prob": 0.07163436710834503,
      "confidence": 0.879,
      "words": [
        {
          "text": "Alright,",
          "start": 32.74,
          "end": 32.92,
          "confidence": 0.74
        },
        {
          "text": "got",
          "start": 33.12,
          "end": 33.18,
          "confidence": 0.939
        },
        {
          "text": "them.",
          "start": 33.18,
          "end": 33.44,
          "confidence": 0.976
        }
      ]
    },
    {
      "id": 8,
      "seek": 3000,
      "start": 34.5,
      "end": 35.3,
      "text": " They're the better helmet that C1 has.",
      "tokens": [
        50614,
        814,
        434,
        264,
        1101,
        15922,
        300,
        383,
        16,
        575,
        13,
        50664
      ],
      "temperature": 0.2,
      "avg_logprob": -0.7122965494791667,
      "compression_ratio": 1.8131868131868132,
      "no_speech_prob": 0.07163436710834503,
      "confidence": 0.373,
      "words": [
        {
          "text": "They're",
          "start": 34.5,
          "end": 34.52,
          "confidence": 0.222
        },
        {
          "text": "the",
          "start": 34.52,
          "end": 34.54,
          "confidence": 0.185
        },
        {
          "text": "better",
          "start": 34.54,
          "end": 34.56,
          "confidence": 0.512
        },
        {
          "text": "helmet",
          "start": 34.56,
          "end": 34.58,
          "confidence": 0.699
        },
        {
          "text": "that",
          "start": 34.58,
          "end": 34.6,
          "confidence": 0.247
        },
        {
          "text": "C1",
          "start": 34.6,
          "end": 34.92,
          "confidence": 0.464
        },
        {
          "text": "has.",
          "start": 34.92,
          "end": 35.3,
          "confidence": 0.799
        }
      ]
    },
    {
      "id": 9,
      "seek": 3000,
      "start": 37.58,
      "end": 39.34,
      "text": " They got the one mic that makes going through the leak reshapes.",
      "tokens": [
        50714,
        814,
        658,
        264,
        472,
        3123,
        300,
        1669,
        516,
        807,
        264,
        17143,
        725,
        71,
        569,
        279,
        13,
        50814
      ],
      "temperature": 0.2,
      "avg_logprob": -0.7122965494791667,
      "compression_ratio": 1.8131868131868132,
      "no_speech_prob": 0.07163436710834503,
      "confidence": 0.362,
      "words": [
        {
          "text": "They",
          "start": 37.58,
          "end": 37.8,
          "confidence": 0.355
        },
        {
          "text": "got",
          "start": 37.8,
          "end": 37.9,
          "confidence": 0.372
        },
        {
          "text": "the",
          "start": 37.9,
          "end": 37.92,
          "confidence": 0.702
        },
        {
          "text": "one",
          "start": 37.92,
          "end": 37.94,
          "confidence": 0.721
        },
        {
          "text": "mic",
          "start": 37.94,
          "end": 37.96,
          "confidence": 0.632
        },
        {
          "text": "that",
          "start": 37.96,
          "end": 37.98,
          "confidence": 0.117
        },
        {
          "text": "makes",
          "start": 37.98,
          "end": 38.0,
          "confidence": 0.191
        },
        {
          "text": "going",
          "start": 38.0,
          "end": 38.12,
          "confidence": 0.749
        },
        {
          "text": "through",
          "start": 38.12,
          "end": 38.34,
          "confidence": 0.305
        },
        {
          "text": "the",
          "start": 38.34,
          "end": 38.5,
          "confidence": 0.397
        },
        {
          "text": "leak",
          "start": 38.5,
          "end": 38.76,
          "confidence": 0.41
        },
        {
          "text": "reshapes.",
          "start": 38.76,
          "end": 39.34,
          "confidence": 0.288
        }
      ]
    },
    {
      "id": 10,
      "seek": 3000,
      "start": 39.9,
      "end": 41.94,
      "text": " We got them in there helmet bags.",
      "tokens": [
        50864,
        492,
        658,
        552,
        294,
        456,
        15922,
        10405,
        13,
        50964
      ],
      "temperature": 0.2,
      "avg_logprob": -0.7122965494791667,
      "compression_ratio": 1.8131868131868132,
      "no_speech_prob": 0.07163436710834503,
      "confidence": 0.576,
      "words": [
        {
          "text": "We",
          "start": 39.9,
          "end": 40.2,
          "confidence": 0.487
        },
        {
          "text": "got",
          "start": 40.2,
          "end": 40.48,
          "confidence": 0.582
        },
        {
          "text": "them",
          "start": 40.48,
          "end": 40.64,
          "confidence": 0.881
        },
        {
          "text": "in",
          "start": 40.64,
          "end": 40.74,
          "confidence": 0.917
        },
        {
          "text": "there",
          "start": 40.74,
          "end": 40.96,
          "confidence": 0.418
        },
        {
          "text": "helmet",
          "start": 40.96,
          "end": 41.52,
          "confidence": 0.654
        },
        {
          "text": "bags.",
          "start": 41.52,
          "end": 41.94,
          "confidence": 0.336
        }
      ]
    },
    {
      "id": 11,
      "seek": 3000,
      "start": 43.02,
      "end": 47.4,
      "text": " And uh, we got the helmet in there helmet bags.",
      "tokens": [
        51014,
        400,
        2232,
        11,
        321,
        658,
        264,
        15922,
        294,
        456,
        15922,
        10405,
        13,
        51264
      ],
      "temperature": 0.2,
      "avg_logprob": -0.7122965494791667,
      "compression_ratio": 1.8131868131868132,
      "no_speech_prob": 0.07163436710834503,
      "confidence": 0.431,
      "words": [
        {
          "text": "And",
          "start": 43.02,
          "end": 43.34,
          "confidence": 0.575
        },
        {
          "text": "uh,",
          "start": 43.34,
          "end": 43.74,
          "confidence": 0.208
        },
        {
          "text": "we",
          "start": 43.86,
          "end": 44.04,
          "confidence": 0.423
        },
        {
          "text": "got",
          "start": 44.04,
          "end": 44.2,
          "confidence": 0.549
        },
        {
          "text": "the",
          "start": 44.2,
          "end": 44.5,
          "confidence": 0.209
        },
        {
          "text": "helmet",
          "start": 44.5,
          "end": 46.46,
          "confidence": 0.845
        },
        {
          "text": "in",
          "start": 46.46,
          "end": 46.72,
          "confidence": 0.188
        },
        {
          "text": "there",
          "start": 46.72,
          "end": 47.06,
          "confidence": 0.391
        },
        {
          "text": "helmet",
          "start": 47.06,
          "end": 47.08,
          "confidence": 0.69
        },
        {
          "text": "bags.",
          "start": 47.08,
          "end": 47.4,
          "confidence": 0.889
        }
      ]
    },
    {
      "id": 12,
      "seek": 3000,
      "start": 48.5,
      "end": 49.58,
      "text": " The leak system, the leak of the bag.",
      "tokens": [
        51314,
        440,
        17143,
        1185,
        11,
        264,
        17143,
        295,
        264,
        3411,
        13,
        51364
      ],
      "temperature": 0.2,
      "avg_logprob": -0.7122965494791667,
      "compression_ratio": 1.8131868131868132,
      "no_speech_prob": 0.07163436710834503,
      "confidence": 0.499,
      "words": [
        {
          "text": "The",
          "start": 48.5,
          "end": 48.52,
          "confidence": 0.266
        },
        {
          "text": "leak",
          "start": 48.52,
          "end": 48.6,
          "confidence": 0.299
        },
        {
          "text": "system,",
          "start": 48.6,
          "end": 48.86,
          "confidence": 0.54
        },
        {
          "text": "the",
          "start": 49.06,
          "end": 49.14,
          "confidence": 0.589
        },
        {
          "text": "leak",
          "start": 49.14,
          "end": 49.22,
          "confidence": 0.962
        },
        {
          "text": "of",
          "start": 49.22,
          "end": 49.32,
          "confidence": 0.244
        },
        {
          "text": "the",
          "start": 49.32,
          "end": 49.4,
          "confidence": 0.941
        },
        {
          "text": "bag.",
          "start": 49.4,
          "end": 49.58,
          "confidence": 0.689
        }
      ]
    },
    {
      "id": 13,
      "seek": 3000,
      "start": 51.34,
      "end": 51.94,
      "text": " Right, yeah.",
      "tokens": [
        51414,
        1779,
        11,
        1338,
        13,
        51464
      ],
      "temperature": 0.2,
      "avg_logprob": -0.7122965494791667,
      "compression_ratio": 1.8131868131868132,
      "no_speech_prob": 0.07163436710834503,
      "confidence": 0.369,
      "words": [
        {
          "text": "Right,",
          "start": 51.34,
          "end": 51.72,
          "confidence": 0.187
        },
        {
          "text": "yeah.",
          "start": 51.82,
          "end": 51.94,
          "confidence": 0.73
        }
      ]
    },
    {
      "id": 14,
      "seek": 3000,
      "start": 53.06,
      "end": 55.22,
      "text": " Yeah, we're taking the leak to the auto, see you later.",
      "tokens": [
        51514,
        865,
        11,
        321,
        434,
        1940,
        264,
        17143,
        281,
        264,
        8399,
        11,
        536,
        291,
        1780,
        13,
        51614
      ],
      "temperature": 0.2,
      "avg_logprob": -0.7122965494791667,
      "compression_ratio": 1.8131868131868132,
      "no_speech_prob": 0.07163436710834503,
      "confidence": 0.425,
      "words": [
        {
          "text": "Yeah,",
          "start": 53.06,
          "end": 53.26,
          "confidence": 0.561
        },
        {
          "text": "we're",
          "start": 53.34,
          "end": 53.42,
          "confidence": 0.725
        },
        {
          "text": "taking",
          "start": 53.42,
          "end": 53.62,
          "confidence": 0.683
        },
        {
          "text": "the",
          "start": 53.62,
          "end": 53.8,
          "confidence": 0.661
        },
        {
          "text": "leak",
          "start": 53.8,
          "end": 53.88,
          "confidence": 0.396
        },
        {
          "text": "to",
          "start": 53.88,
          "end": 54.02,
          "confidence": 0.08
        },
        {
          "text": "the",
          "start": 54.02,
          "end": 54.08,
          "confidence": 0.935
        },
        {
          "text": "auto,",
          "start": 54.08,
          "end": 54.26,
          "confidence": 0.228
        },
        {
          "text": "see",
          "start": 54.46,
          "end": 54.58,
          "confidence": 0.191
        },
        {
          "text": "you",
          "start": 54.58,
          "end": 55.14,
          "confidence": 0.401
        },
        {
          "text": "later.",
          "start": 55.14,
          "end": 55.22,
          "confidence": 0.503
        }
      ]
    },
    {
      "id": 15,
      "seek": 5500,
      "start": 56.4,
      "end": 61.48,
      "text": " Hey, we were going to hang with the cover on the right side already.",
      "tokens": [
        50414,
        1911,
        11,
        321,
        645,
        516,
        281,
        3967,
        365,
        264,
        2060,
        322,
        264,
        558,
        1252,
        1217,
        13,
        50664
      ],
      "temperature": 0.2,
      "avg_logprob": -0.4537031500189154,
      "compression_ratio": 1.6168224299065421,
      "no_speech_prob": 0.3397921025753021,
      "confidence": 0.371,
      "words": [
        {
          "text": "Hey,",
          "start": 56.4,
          "end": 56.6,
          "confidence": 0.195
        },
        {
          "text": "we",
          "start": 56.62,
          "end": 56.74,
          "confidence": 0.949
        },
        {
          "text": "were",
          "start": 56.74,
          "end": 56.9,
          "confidence": 0.526
        },
        {
          "text": "going",
          "start": 56.9,
          "end": 57.1,
          "confidence": 0.184
        },
        {
          "text": "to",
          "start": 57.1,
          "end": 57.22,
          "confidence": 0.938
        },
        {
          "text": "hang",
          "start": 57.22,
          "end": 57.38,
          "confidence": 0.255
        },
        {
          "text": "with",
          "start": 57.38,
          "end": 59.24,
          "confidence": 0.252
        },
        {
          "text": "the",
          "start": 59.24,
          "end": 60.24,
          "confidence": 0.529
        },
        {
          "text": "cover",
          "start": 60.24,
          "end": 61.02,
          "confidence": 0.737
        },
        {
          "text": "on",
          "start": 61.02,
          "end": 61.22,
          "confidence": 0.324
        },
        {
          "text": "the",
          "start": 61.22,
          "end": 61.28,
          "confidence": 0.44
        },
        {
          "text": "right",
          "start": 61.28,
          "end": 61.3,
          "confidence": 0.088
        },
        {
          "text": "side",
          "start": 61.3,
          "end": 61.4,
          "confidence": 0.4
        },
        {
          "text": "already.",
          "start": 61.4,
          "end": 61.48,
          "confidence": 0.447
        }
      ]
    },
    {
      "id": 16,
      "seek": 5500,
      "start": 62.52,
      "end": 63.02,
      "text": " Okay, fine.",
      "tokens": [
        50714,
        1033,
        11,
        2489,
        13,
        50764
      ],
      "temperature": 0.2,
      "avg_logprob": -0.4537031500189154,
      "compression_ratio": 1.6168224299065421,
      "no_speech_prob": 0.3397921025753021,
      "confidence": 0.91,
      "words": [
        {
          "text": "Okay,",
          "start": 62.52,
          "end": 62.78,
          "confidence": 0.914
        },
        {
          "text": "fine.",
          "start": 62.88,
          "end": 63.02,
          "confidence": 0.905
        }
      ]
    },
    {
      "id": 17,
      "seek": 5500,
      "start": 63.02,
      "end": 65.1,
      "text": " We weren't sure of that, just a suggestion.",
      "tokens": [
        50764,
        492,
        4999,
        380,
        988,
        295,
        300,
        11,
        445,
        257,
        16541,
        13,
        50864
      ],
      "temperature": 0.2,
      "avg_logprob": -0.4537031500189154,
      "compression_ratio": 1.6168224299065421,
      "no_speech_prob": 0.3397921025753021,
      "confidence": 0.842,
      "words": [
        {
          "text": "We",
          "start": 63.02,
          "end": 63.3,
          "confidence": 0.937
        },
        {
          "text": "weren't",
          "start": 63.3,
          "end": 63.56,
          "confidence": 0.976
        },
        {
          "text": "sure",
          "start": 63.56,
          "end": 63.72,
          "confidence": 0.929
        },
        {
          "text": "of",
          "start": 63.72,
          "end": 63.84,
          "confidence": 0.502
        },
        {
          "text": "that,",
          "start": 63.84,
          "end": 63.98,
          "confidence": 0.986
        },
        {
          "text": "just",
          "start": 64.12,
          "end": 64.56,
          "confidence": 0.772
        },
        {
          "text": "a",
          "start": 64.56,
          "end": 64.72,
          "confidence": 0.675
        },
        {
          "text": "suggestion.",
          "start": 64.72,
          "end": 65.1,
          "confidence": 0.994
        }
      ]
    },
    {
      "id": 18,
      "seek": 5500,
      "start": 65.2,
      "end": 67.5,
      "text": " We thought we'd, uh, you could check it out.",
      "tokens": [
        50864,
        492,
        1194,
        321,
        1116,
        11,
        2232,
        11,
        291,
        727,
        1520,
        309,
        484,
        13,
        50964
      ],
      "temperature": 0.2,
      "avg_logprob": -0.4537031500189154,
      "compression_ratio": 1.6168224299065421,
      "no_speech_prob": 0.3397921025753021,
      "confidence": 0.754,
      "words": [
        {
          "text": "We",
          "start": 65.2,
          "end": 65.4,
          "confidence": 0.915
        },
        {
          "text": "thought",
          "start": 65.4,
          "end": 65.54,
          "confidence": 0.972
        },
        {
          "text": "we'd,",
          "start": 65.54,
          "end": 65.9,
          "confidence": 0.679
        },
        {
          "text": "uh,",
          "start": 65.96,
          "end": 66.02,
          "confidence": 0.597
        },
        {
          "text": "you",
          "start": 66.78,
          "end": 67.04,
          "confidence": 0.408
        },
        {
          "text": "could",
          "start": 67.04,
          "end": 67.2,
          "confidence": 0.808
        },
        {
          "text": "check",
          "start": 67.2,
          "end": 67.36,
          "confidence": 0.751
        },
        {
          "text": "it",
          "start": 67.36,
          "end": 67.48,
          "confidence": 0.984
        },
        {
          "text": "out.",
          "start": 67.48,
          "end": 67.5,
          "confidence": 0.998
        }
      ]
    },
    {
      "id": 19,
      "seek": 5500,
      "start": 68.2,
      "end": 72.4,
      "text": " It's not much of a hard to turn on, so uh, I guess we're going to come up with just let us know.",
      "tokens": [
        51014,
        467,
        311,
        406,
        709,
        295,
        257,
        1152,
        281,
        1261,
        322,
        11,
        370,
        2232,
        11,
        286,
        2041,
        321,
        434,
        516,
        281,
        808,
        493,
        365,
        445,
        718,
        505,
        458,
        13,
        51214
      ],
      "temperature": 0.2,
      "avg_logprob": -0.4537031500189154,
      "compression_ratio": 1.6168224299065421,
      "no_speech_prob": 0.3397921025753021,
      "confidence": 0.608,
      "words": [
        {
          "text": "It's",
          "start": 68.2,
          "end": 68.3,
          "confidence": 0.411
        },
        {
          "text": "not",
          "start": 68.3,
          "end": 68.4,
          "confidence": 0.946
        },
        {
          "text": "much",
          "start": 68.4,
          "end": 68.56,
          "confidence": 0.902
        },
        {
          "text": "of",
          "start": 68.56,
          "end": 68.7,
          "confidence": 0.574
        },
        {
          "text": "a",
          "start": 68.7,
          "end": 68.72,
          "confidence": 0.719
        },
        {
          "text": "hard",
          "start": 68.72,
          "end": 68.84,
          "confidence": 0.144
        },
        {
          "text": "to",
          "start": 68.84,
          "end": 68.98,
          "confidence": 0.405
        },
        {
          "text": "turn",
          "start": 68.98,
          "end": 69.1,
          "confidence": 0.673
        },
        {
          "text": "on,",
          "start": 69.1,
          "end": 69.22,
          "confidence": 0.157
        },
        {
          "text": "so",
          "start": 69.26,
          "end": 69.56,
          "confidence": 0.845
        },
        {
          "text": "uh,",
          "start": 69.56,
          "end": 69.84,
          "confidence": 0.31
        },
        {
          "text": "I",
          "start": 70.34,
          "end": 70.5,
          "confidence": 0.786
        },
        {
          "text": "guess",
          "start": 70.5,
          "end": 70.64,
          "confidence": 0.993
        },
        {
          "text": "we're",
          "start": 70.64,
          "end": 71.08,
          "confidence": 0.562
        },
        {
          "text": "going",
          "start": 71.08,
          "end": 71.2,
          "confidence": 0.781
        },
        {
          "text": "to",
          "start": 71.2,
          "end": 71.28,
          "confidence": 0.991
        },
        {
          "text": "come",
          "start": 71.28,
          "end": 71.42,
          "confidence": 0.964
        },
        {
          "text": "up",
          "start": 71.42,
          "end": 71.6,
          "confidence": 0.952
        },
        {
          "text": "with",
          "start": 71.6,
          "end": 71.76,
          "confidence": 0.954
        },
        {
          "text": "just",
          "start": 71.76,
          "end": 71.94,
          "confidence": 0.316
        },
        {
          "text": "let",
          "start": 71.94,
          "end": 72.1,
          "confidence": 0.811
        },
        {
          "text": "us",
          "start": 72.1,
          "end": 72.24,
          "confidence": 0.977
        },
        {
          "text": "know.",
          "start": 72.24,
          "end": 72.4,
          "confidence": 0.997
        }
      ]
    },
    {
      "id": 20,
      "seek": 5500,
      "start": 74.22,
      "end": 75.03,
      "text": " Okay, no problem.",
      "tokens": [
        51314,
        1033,
        11,
        572,
        1154,
        13,
        51364
      ],
      "temperature": 0.2,
      "avg_logprob": -0.4537031500189154,
      "compression_ratio": 1.6168224299065421,
      "no_speech_prob": 0.3397921025753021,
      "confidence": 0.912,
      "words": [
        {
          "text": "Okay,",
          "start": 74.22,
          "end": 74.48,
          "confidence": 0.833
        },
        {
          "text": "no",
          "start": 74.62,
          "end": 74.84,
          "confidence": 0.935
        },
        {
          "text": "problem.",
          "start": 74.84,
          "end": 75.03,
          "confidence": 0.974
        }
      ]
    },
    {
      "id": 21,
      "seek": 5500,
      "start": 75.03,
      "end": 76.48,
      "text": " Okay, no problem.",
      "tokens": [
        51364,
        1033,
        11,
        572,
        1154,
        13,
        51414
      ],
      "temperature": 0.2,
      "avg_logprob": -0.4537031500189154,
      "compression_ratio": 1.6168224299065421,
      "no_speech_prob": 0.3397921025753021,
      "confidence": 0.839,
      "words": [
        {
          "text": "Okay,",
          "start": 75.03,
          "end": 75.78,
          "confidence": 0.629
        },
        {
          "text": "no",
          "start": 75.94,
          "end": 76.14,
          "confidence": 0.946
        },
        {
          "text": "problem.",
          "start": 76.14,
          "end": 76.48,
          "confidence": 0.991
        }
      ]
    },
    {
      "id": 22,
      "seek": 5500,
      "start": 76.48,
      "end": 78.22,
      "text": " We'll let you know when the end of the sun.",
      "tokens": [
        51414,
        492,
        603,
        718,
        291,
        458,
        562,
        264,
        917,
        295,
        264,
        3295,
        13,
        51514
      ],
      "temperature": 0.2,
      "avg_logprob": -0.4537031500189154,
      "compression_ratio": 1.6168224299065421,
      "no_speech_prob": 0.3397921025753021,
      "confidence": 0.607,
      "words": [
        {
          "text": "We'll",
          "start": 76.48,
          "end": 76.8,
          "confidence": 0.667
        },
        {
          "text": "let",
          "start": 76.8,
          "end": 76.92,
          "confidence": 0.949
        },
        {
          "text": "you",
          "start": 76.92,
          "end": 77.08,
          "confidence": 0.544
        },
        {
          "text": "know",
          "start": 77.08,
          "end": 77.18,
          "confidence": 0.998
        },
        {
          "text": "when",
          "start": 77.18,
          "end": 77.3,
          "confidence": 0.533
        },
        {
          "text": "the",
          "start": 77.3,
          "end": 77.4,
          "confidence": 0.894
        },
        {
          "text": "end",
          "start": 77.4,
          "end": 77.52,
          "confidence": 0.97
        },
        {
          "text": "of",
          "start": 77.52,
          "end": 77.64,
          "confidence": 0.976
        },
        {
          "text": "the",
          "start": 77.64,
          "end": 78.02,
          "confidence": 0.527
        },
        {
          "text": "sun.",
          "start": 78.02,
          "end": 78.22,
          "confidence": 0.075
        }
      ]
    },
    {
      "id": 23,
      "seek": 8500,
      "start": 85.22,
      "end": 85.4,
      "text": " Hello.",
      "tokens": [
        50364,
        2425,
        13,
        50414
      ],
      "temperature": 0.2,
      "avg_logprob": -0.6903002738952637,
      "compression_ratio": 0.42857142857142855,
      "no_speech_prob": 0.9557693600654602,
      "confidence": 0.216,
      "words": [
        {
          "text": "Hello.",
          "start": 85.22,
          "end": 85.4,
          "confidence": 0.216
        }
      ]
    }
  ],
  "language": "en"
}