{
  "text": " ...",
  "segments": [
    {
      "id": 0,
      "seek": 0,
      "start": 20.18,
      "end": 20.2,
      "text": " ...",
      "tokens": [
        50364,
        1097,
        51392
      ],
      "temperature": 0.0,
      "avg_logprob": -1.4416182041168213,
      "compression_ratio": 0.2727272727272727,
      "no_speech_prob": 0.05016394704580307,
      "confidence": 0.158,
      "words": [
        {
          "text": "...",
          "start": 20.18,
          "end": 20.2,
          "confidence": 0.158
        }
      ]
    }
  ],
  "language": "fr"
}